ARM Linker, 5.02 [Build 28] [MDK-ARM Standard]

==============================================================================

Section Cross References

    lpc2400_rtx.o(STACK) refers (Special) to heapauxi.o(.text) for __use_two_region_memory
    lpc2400_rtx.o(HEAP) refers (Special) to heapauxi.o(.text) for __use_two_region_memory
    lpc2400_rtx.o(RESET) refers (Special) to heapauxi.o(.text) for __use_two_region_memory
    lpc2400_rtx.o(RESET) refers to hal_arm.o(.emb_text) for SWI_Handler
    lpc2400_rtx.o(RESET) refers to lpc2400_rtx.o(STACK) for Stack_Top
    lpc2400_rtx.o(RESET) refers to __main.o(!!!main) for __main
    lpc2400_rtx.o(.text) refers (Special) to heapauxi.o(.text) for __use_two_region_memory
    lpc2400_rtx.o(.text) refers to lpc2400_rtx.o(HEAP) for Heap_Mem
    lpc2400_rtx.o(.text) refers to lpc2400_rtx.o(STACK) for Stack_Mem
    syscall.o(.text) refers to tick.o(.text) for sys_delay
    syscall.o(.text) refers to syscall.o(.data) for .data
    syscall.o(.data) refers to tick.o(.text) for syscall_systick
    tick.o(.text) refers to device_manage_rtx.o(.text) for CPU_PCLKFREQ
    tick.o(.text) refers to irq.o(.text) for install_irq
    tick.o(.text) refers to syscall.o(.text) for sys_call
    tick.o(.text) refers to tick.o(.data) for .data
    tick.o(.text) refers to tick.o(.bss) for .bss
    retarget.o(.text) refers (Special) to use_no_semi.o(.text) for __use_no_semihosting_swi
    retarget.o(.text) refers to device_manage_rtx.o(.text) for device_write
    retarget.o(.data) refers (Special) to use_no_semi.o(.text) for __use_no_semihosting_swi
    retarget.o(.data) refers (Special) to use_no_semi.o(.text) for __use_no_semihosting_swi
    command.o(.text) refers to _printf_percent.o(.ARM.Collect$$_printf_percent$$00000000) for _printf_percent
    command.o(.text) refers to _printf_s.o(.ARM.Collect$$_printf_percent$$00000014) for _printf_s
    command.o(.text) refers to _printf_str.o(.text) for _printf_str
    command.o(.text) refers to _scanf_int.o(.text) for _scanf_int
    command.o(.text) refers to _printf_d.o(.ARM.Collect$$_printf_percent$$00000009) for _printf_d
    command.o(.text) refers to _printf_dec.o(.text) for _printf_int_dec
    command.o(.text) refers to _printf_x.o(.ARM.Collect$$_printf_percent$$0000000C) for _printf_x
    command.o(.text) refers to _printf_hex_int_ll_ptr.o(.text) for _printf_longlong_hex
    command.o(.text) refers to __2printf.o(.text) for __2printf
    command.o(.text) refers to device_manage_rtx.o(.text) for device_ioctl
    command.o(.text) refers to getc.o(.text) for getc
    command.o(.text) refers to putc.o(.text) for putc
    command.o(.text) refers to __0sscanf.o(.text) for __0sscanf
    command.o(.text) refers to command.o(.data) for .data
    command.o(.text) refers to retarget.o(.data) for __stdin
    command.o(.text) refers to retarget.o(.data) for __stdout
    command.o(.text) refers to command.o(.bss) for .bss
    command.o(.text) refers to strcmp.o(.text) for strcmp
    command.o(.text) refers to c89printf.o(.text) for __c89printf
    command.o(.text) refers to toupper.o(.text) for toupper
    swi_table.o(SWI_TABLE) refers to hal_arm.o(i.__SWI_0) for __SWI_0
    swi_table.o(SWI_TABLE) refers to rt_membox.o(i.__SWI_1) for __SWI_1
    swi_table.o(SWI_TABLE) refers to rt_membox.o(i.__SWI_2) for __SWI_2
    swi_table.o(SWI_TABLE) refers to hal_arm.o(i.__SWI_3) for __SWI_3
    swi_table.o(SWI_TABLE) refers to hal_arm.o(i.__SWI_4) for __SWI_4
    swi_table.o(SWI_TABLE) refers to rtx2_config.o(.text) for __SWI_5
    swi_table.o(SWI_TABLE) refers to hal_arm.o(i.__SWI_6) for __SWI_6
    swi_table.o(SWI_TABLE) refers to hal_arm.o(i.__SWI_7) for __SWI_7
    swi_table.o(SWI_TABLE) refers to syscall.o(.text) for __SWI_8
    rtx2_config.o(.text) refers to rt_task.o(i.os_tsk_self) for os_tsk_self
    rtx2_config.o(.text) refers to rt_mutex.o(i.os_mut_init) for os_mut_init
    rtx2_config.o(.text) refers to rt_mutex.o(i.os_mut_wait) for os_mut_wait
    rtx2_config.o(.text) refers to rt_mutex.o(i.os_mut_release) for os_mut_release
    rtx2_config.o(.text) refers to hal_arm.o(.emb_text) for os_clock_interrupt
    rtx2_config.o(.text) refers to rtx2_config.o(.bss) for .bss
    rtx2_config.o(.text) refers to libspace.o(.bss) for __libspace_start
    rtx2_config.o(.text) refers to rtx2_config.o(.data) for .data
    rtx2_config.o(.data) refers to rtx2_config.o(.bss) for mp_tmr
    osenv.o(.text) refers to rt_time.o(i.os_dly_wait) for os_dly_wait
    osenv.o(.text) refers to debug_print.o(.text) for DebugPrint
    osenv.o(.text) refers to device_manage_rtx.o(.text) for device_write
    osenv.o(.text) refers to syscall.o(.text) for sys_call
    debug_print.o(.text) refers to _printf_percent.o(.ARM.Collect$$_printf_percent$$00000000) for _printf_percent
    debug_print.o(.text) refers to _printf_pad.o(.text) for _printf_pre_padding
[...]
    _printf_ll                               0x000004dc   ARM Code       0  _printf_ll.o(.ARM.Collect$$_printf_percent$$00000007)
    _printf_i                                0x000004e8   ARM Code       0  _printf_i.o(.ARM.Collect$$_printf_percent$$00000008)
    _printf_d                                0x000004f0   ARM Code       0  _printf_d.o(.ARM.Collect$$_printf_percent$$00000009)
    _printf_u                                0x000004f8   ARM Code       0  _printf_u.o(.ARM.Collect$$_printf_percent$$0000000A)
    _printf_o                                0x00000500   ARM Code       0  _printf_o.o(.ARM.Collect$$_printf_percent$$0000000B)
    _printf_x                                0x00000508   ARM Code       0  _printf_x.o(.ARM.Collect$$_printf_percent$$0000000C)
    _printf_lli                              0x00000510   ARM Code       0  _printf_lli.o(.ARM.Collect$$_printf_percent$$0000000D)
    _printf_lld                              0x00000518   ARM Code       0  _printf_lld.o(.ARM.Collect$$_printf_percent$$0000000E)
    _printf_llu                              0x00000520   ARM Code       0  _printf_llu.o(.ARM.Collect$$_printf_percent$$0000000F)
    _printf_llo                              0x00000528   ARM Code       0  _printf_llo.o(.ARM.Collect$$_printf_percent$$00000010)
    _printf_llx                              0x00000530   ARM Code       0  _printf_llx.o(.ARM.Collect$$_printf_percent$$00000011)
    _printf_l                                0x00000538   ARM Code       0  _printf_l.o(.ARM.Collect$$_printf_percent$$00000012)
    _printf_c                                0x00000544   ARM Code       0  _printf_c.o(.ARM.Collect$$_printf_percent$$00000013)
    _printf_s                                0x0000054c   ARM Code       0  _printf_s.o(.ARM.Collect$$_printf_percent$$00000014)
    _printf_lc                               0x00000554   ARM Code       0  _printf_lc.o(.ARM.Collect$$_printf_percent$$00000015)
    _printf_ls                               0x0000055c   ARM Code       0  _printf_ls.o(.ARM.Collect$$_printf_percent$$00000016)
    _printf_percent_end                      0x00000564   ARM Code       0  _printf_percent_end.o(.ARM.Collect$$_printf_percent$$00000017)
    Inline ARM to Thumb Veneer to __rt_lib_init 0x0000056c   ARM Code       8  libinit.o(.ARM.Collect$$libinit$$00000000)
    __rt_lib_init                            0x00000575   Thumb Code     0  libinit.o(.ARM.Collect$$libinit$$00000000)
    __rt_lib_init_fp_1                       0x00000577   Thumb Code     0  libinit2.o(.ARM.Collect$$libinit$$00000002)
    __rt_lib_init_heap_1                     0x00000577   Thumb Code     0  libinit2.o(.ARM.Collect$$libinit$$00000008)
    __rt_lib_init_lc_common                  0x00000577   Thumb Code     0  libinit2.o(.ARM.Collect$$libinit$$0000000D)
    __rt_lib_init_rand_1                     0x00000577   Thumb Code     0  libinit2.o(.ARM.Collect$$libinit$$0000000C)
    __rt_lib_init_user_alloc_1               0x00000577   Thumb Code     0  libinit2.o(.ARM.Collect$$libinit$$0000000A)
    __rt_lib_init_lc_collate_1               0x0000057d   Thumb Code     0  libinit2.o(.ARM.Collect$$libinit$$0000000F)
    __rt_lib_init_lc_ctype_2                 0x0000057d   Thumb Code     0  libinit2.o(.ARM.Collect$$libinit$$00000010)
    __rt_lib_init_lc_ctype_1                 0x00000589   Thumb Code     0  libinit2.o(.ARM.Collect$$libinit$$00000011)
    __rt_lib_init_lc_monetary_1              0x00000589   Thumb Code     0  libinit2.o(.ARM.Collect$$libinit$$00000013)
    __rt_lib_init_lc_numeric_2               0x00000589   Thumb Code     0  libinit2.o(.ARM.Collect$$libinit$$00000014)
    __rt_lib_init_alloca_1                   0x00000593   Thumb Code     0  libinit2.o(.ARM.Collect$$libinit$$0000002C)
    __rt_lib_init_argv_1                     0x00000593   Thumb Code     0  libinit2.o(.ARM.Collect$$libinit$$0000002A)
    __rt_lib_init_atexit_1                   0x00000593   Thumb Code     0  libinit2.o(.ARM.Collect$$libinit$$00000019)
    __rt_lib_init_clock_1                    0x00000593   Thumb Code     0  libinit2.o(.ARM.Collect$$libinit$$0000001F)
    __rt_lib_init_cpp_2                      0x00000593   Thumb Code     0  libinit2.o(.ARM.Collect$$libinit$$0000002F)
    __rt_lib_init_exceptions_1               0x00000593   Thumb Code     0  libinit2.o(.ARM.Collect$$libinit$$0000002E)
    __rt_lib_init_fp_trap_1                  0x00000593   Thumb Code     0  libinit2.o(.ARM.Collect$$libinit$$0000001D)
    __rt_lib_init_getenv_1                   0x00000593   Thumb Code     0  libinit2.o(.ARM.Collect$$libinit$$00000021)
    __rt_lib_init_lc_numeric_1               0x00000593   Thumb Code     0  libinit2.o(.ARM.Collect$$libinit$$00000015)
    __rt_lib_init_lc_time_1                  0x00000593   Thumb Code     0  libinit2.o(.ARM.Collect$$libinit$$00000017)
    __rt_lib_init_signal_1                   0x00000593   Thumb Code     0  libinit2.o(.ARM.Collect$$libinit$$0000001B)
    __rt_lib_init_stdio_1                    0x00000593   Thumb Code     0  libinit2.o(.ARM.Collect$$libinit$$00000023)
    __rt_lib_init_cpp_1                      0x00000597   Thumb Code     0  libinit2.o(.ARM.Collect$$libinit$$00000030)
    __rt_lib_init_return                     0x00000597   Thumb Code     0  libinit2.o(.ARM.Collect$$libinit$$00000031)
    Inline ARM to Thumb Veneer to __rt_lib_shutdown 0x000005a4   ARM Code       8  libshutdown.o(.ARM.Collect$$libshutdown$$00000000)
    __rt_lib_shutdown                        0x000005ad   Thumb Code     0  libshutdown.o(.ARM.Collect$$libshutdown$$00000000)
    __rt_lib_shutdown_fp_trap_1              0x000005b1   Thumb Code     0  libshutdown2.o(.ARM.Collect$$libshutdown$$00000006)
    __rt_lib_shutdown_heap_1                 0x000005b1   Thumb Code     0  libshutdown2.o(.ARM.Collect$$libshutdown$$0000000E)
    __rt_lib_shutdown_return                 0x000005b1   Thumb Code     0  libshutdown2.o(.ARM.Collect$$libshutdown$$0000000F)
    __rt_lib_shutdown_signal_1               0x000005b1   Thumb Code     0  libshutdown2.o(.ARM.Collect$$libshutdown$$00000009)
    __rt_lib_shutdown_stdio_1                0x000005b1   Thumb Code     0  libshutdown2.o(.ARM.Collect$$libshutdown$$00000003)
    __rt_lib_shutdown_user_alloc_1           0x000005b1   Thumb Code     0  libshutdown2.o(.ARM.Collect$$libshutdown$$0000000B)
    __rt_entry                               0x000005b8   ARM Code       0  rtentry.o(.ARM.Collect$$rtentry$$00000000)
    __rt_entry_presh_1                       0x000005b8   ARM Code       0  rtentry2.o(.ARM.Collect$$rtentry$$00000002)
    __rt_entry_sh                            0x000005b8   ARM Code       0  rtentry4.o(.ARM.Collect$$rtentry$$00000004)
    __rt_entry_li                            0x000005c0   ARM Code       0  rtentry2.o(.ARM.Collect$$rtentry$$0000000A)
    __rt_entry_postsh_1                      0x000005c0   ARM Code       0  rtentry2.o(.ARM.Collect$$rtentry$$00000009)
    __rt_entry_main                          0x000005c4   ARM Code       0  rtentry2.o(.ARM.Collect$$rtentry$$0000000D)
    __rt_entry_postli_1                      0x000005c4   ARM Code       0  rtentry2.o(.ARM.Collect$$rtentry$$0000000C)
    Inline Thumb to ARM Veneer to __rt_exit  0x000005ed   Thumb Code     4  rtexit.o(.ARM.Collect$$rtexit$$00000000)
    __rt_exit                                0x000005f0   ARM Code       0  rtexit.o(.ARM.Collect$$rtexit$$00000000)
    __rt_exit_ls                             0x000005f4   ARM Code       0  rtexit2.o(.ARM.Collect$$rtexit$$00000003)
    __rt_exit_prels_1                        0x000005f4   ARM Code       0  rtexit2.o(.ARM.Collect$$rtexit$$00000002)
    __rt_exit_exit                           0x000005f8   ARM Code       0  rtexit2.o(.ARM.Collect$$rtexit$$00000004)
    Inline ARM to Thumb Veneer to os_sys_init0 0x00000600   ARM Code       8  hal_arm.o(.emb_text)
    _inc_qi                                  0x00000609   Thumb Code    60  hal_arm.o(.emb_text)
    _dec_qc                                  0x00000645   Thumb Code    32  hal_arm.o(.emb_text)
    os_set_env                               0x00000665   Thumb Code     8  hal_arm.o(.emb_text)
    os_sys_init0                             0x0000066d   Thumb Code    32  hal_arm.o(.emb_text)
    os_sys_run                               0x00000699   Thumb Code    16  hal_arm.o(.emb_text)
    os_clock_interrupt                       0x000006ac   ARM Code     128  hal_arm.o(.emb_text)
    os_sys_manager_ret                       0x00000719   Thumb Code     0  hal_arm.o(.emb_text)
    SWI_Handler                              0x00000740   ARM Code     196  hal_arm.o(.emb_text)
    os_switch_tasks_ret                      0x0000077d   Thumb Code     0  hal_arm.o(.emb_text)
    __user_initial_stackheap                 0x0000080c   ARM Code       0  lpc2400_rtx.o(.text)
    __SWI_8                                  0x00000830   ARM Code      32  syscall.o(.text)
    sys_call                                 0x00000850   ARM Code      28  syscall.o(.text)
    bsp_delayms                              0x0000086c   ARM Code      40  syscall.o(.text)
    Timer2_Interrupt                         0x0000089c   ARM Code      48  tick.o(.text)
    syscall_systick                          0x000008cc   ARM Code      20  tick.o(.text)
    Timer2_Initial                           0x000008e0   ARM Code      72  tick.o(.text)
    sys_delay                                0x00000928   ARM Code      68  tick.o(.text)
    delay                                    0x0000096c   ARM Code      56  tick.o(.text)
    Timer2_init                              0x000009a4   ARM Code       4  tick.o(.text)
    Timer2_read                              0x000009a8   ARM Code       8  tick.o(.text)
    Timer2_write                             0x000009b0   ARM Code       8  tick.o(.text)
    Timer2_ioctl                             0x000009b8   ARM Code       8  tick.o(.text)
    sys_tick_call                            0x000009c0   ARM Code     136  tick.o(.text)
    add_tickroutine                          0x00000a48   ARM Code      72  tick.o(.text)
    Inline Thumb to ARM Veneer to fputc      0x00000aa1   Thumb Code     4  retarget.o(.text)
    fputc                                    0x00000aa4   ARM Code     120  retarget.o(.text)
    fgetc                                    0x00000b1c   ARM Code      40  retarget.o(.text)
    ferror                                   0x00000b44   ARM Code       8  retarget.o(.text)
    _ttywrch                                 0x00000b4c   ARM Code       4  retarget.o(.text)
    _sys_exit                                0x00000b50   ARM Code       4  retarget.o(.text)
    set_usrcmd                               0x00000b54   ARM Code      12  command.o(.text)
    help                                     0x00000b60   ARM Code      84  command.o(.text)
    getline                                  0x00000bb4   ARM Code     284  command.o(.text)
    cmd_paraget                              0x00000cd0   ARM Code      68  command.o(.text)
    cmd_test                                 0x00000d14   ARM Code     168  command.o(.text)
    runcommand                               0x00000dbc   ARM Code     128  command.o(.text)
    cmdline_analysis                         0x00000e3c   ARM Code     156  command.o(.text)
    command                                  0x00000ed8   ARM Code      92  command.o(.text)
    cmd_paragethex                           0x00000f34   ARM Code      68  command.o(.text)
    cmd_parastrget                           0x00000f78   ARM Code      40  command.o(.text)
    get_cmdsize                              0x00000fa0   ARM Code      12  command.o(.text)
    init_VIC                                 0x00000fe0   ARM Code      68  irq.o(.text)
    install_irq                              0x00001024   ARM Code      68  irq.o(.text)
    enable_irq                               0x00001068   ARM Code      20  irq.o(.text)
    disable_irq                              0x0000107c   ARM Code      20  irq.o(.text)
    Inline Thumb to ARM Veneer to os_idle_demon 0x00001099   Thumb Code     4  rtx2_config.o(.text)
    os_idle_demon                            0x0000109c   ARM Code       4  rtx2_config.o(.text)
    os_tmr_call                              0x000010a0   ARM Code       4  rtx2_config.o(.text)
    os_error                                 0x000010a4   ARM Code       4  rtx2_config.o(.text)
    os_tmr_init                              0x000010a9   Thumb Code    32  rtx2_config.o(.text)
    os_tmr_force_irq                         0x000010c9   Thumb Code     8  rtx2_config.o(.text)
    os_tmr_inspect_cnt                       0x000010d1   Thumb Code     6  rtx2_config.o(.text)
    os_tmr_inspect_ovf                       0x000010d9   Thumb Code    10  rtx2_config.o(.text)
    os_irq_ack_lock                          0x000010e5   Thumb Code    22  rtx2_config.o(.text)
    __SWI_5                                  0x000010fd   Thumb Code     8  rtx2_config.o(.text)
    tsk_unlock                               0x00001105   Thumb Code     8  rtx2_config.o(.text)
    os_init_robin                            0x0000110d   Thumb Code     2  rtx2_config.o(.text)
    os_chk_robin                             0x00001111   Thumb Code     2  rtx2_config.o(.text)
    __user_perthread_libspace                0x00001115   Thumb Code    30  rtx2_config.o(.text)
    _mutex_initialize                        0x00001135   Thumb Code    36  rtx2_config.o(.text)
    _mutex_acquire                           0x00001159   Thumb Code    22  rtx2_config.o(.text)
    _mutex_release                           0x00001171   Thumb Code    20  rtx2_config.o(.text)
    device_initial                           0x000011b0   ARM Code     100  device_manage_rtx.o(.text)
    device_read                              0x00001214   ARM Code      64  device_manage_rtx.o(.text)
    device_write                             0x00001254   ARM Code      64  device_manage_rtx.o(.text)
    device_ioctl                             0x00001294   ARM Code      64  device_manage_rtx.o(.text)
    CPU_HCLKFREQ                             0x000012d4   ARM Code      60  device_manage_rtx.o(.text)
    CPU_CCLKFREQ                             0x00001310   ARM Code      36  device_manage_rtx.o(.text)
    CPU_PCLKFREQ                             0x00001334   ARM Code     120  device_manage_rtx.o(.text)
    PCLK_print                               0x000013ac   ARM Code    1228  device_manage_rtx.o(.text)
    Timer1_Interrupt                         0x00001890   ARM Code      32  timer1.o(.text)
    Timer1_Initial                           0x000018b0   ARM Code      64  timer1.o(.text)
    timer1_init                              0x000018f0   ARM Code       4  timer1.o(.text)
    timer1_read                              0x000018f4   ARM Code       8  timer1.o(.text)
    timer1_write                             0x000018fc   ARM Code       8  timer1.o(.text)
    timer1_ioctl                             0x00001904   ARM Code      56  timer1.o(.text)
    GPIOInit                                 0x00001940   ARM Code      32  ioport.o(.text)
    ioport_init                              0x00001960   ARM Code      76  ioport.o(.text)
    ioport_read                              0x000019ac   ARM Code      48  ioport.o(.text)
    ioport_write                             0x000019dc   ARM Code      88  ioport.o(.text)
    ioport_ioctl                             0x00001a34   ARM Code       8  ioport.o(.text)
    eia485tx_set                             0x00001a3c   ARM Code      24  ioport.o(.text)
    port_test                                0x00001a54   ARM Code     328  ioport.o(.text)
    lpc22xxuartbase::irq()                   0x00001c4c   ARM Code     296  lpc22xxuartbase.o(.text)
    uart0_irq()                              0x00001d74   ARM Code      20  lpc22xxuartbase.o(.text)
    lpc22xxuartbase::write_baud()            0x00001d88   ARM Code     256  lpc22xxuartbase.o(.text)
    lpc22xxuartbase::init(uart_tag*, void*, unsigned) 0x00001e88   ARM Code     120  lpc22xxuartbase.o(.text)
    lpc22xxuart0_initb                       0x00001f00   ARM Code      40  lpc22xxuartbase.o(.text)
    lpc22xxuartbase::uart_putchar(unsigned char) 0x00001f28   ARM Code     168  lpc22xxuartbase.o(.text)
    lpc22xxuart0_writeb                      0x00001fd0   ARM Code      24  lpc22xxuartbase.o(.text)
    lpc22xxuartbase::uart_getchar()          0x00001fe8   ARM Code     124  lpc22xxuartbase.o(.text)
    lpc22xxuart0_readb                       0x00002064   ARM Code      44  lpc22xxuartbase.o(.text)
    lpc22xxuartbase::kbhit()                 0x00002090   ARM Code      24  lpc22xxuartbase.o(.text)
    lpc22xxuart0_ioctlb                      0x000020a8   ARM Code      48  lpc22xxuartbase.o(.text)
    uart1_irq()                              0x000020d8   ARM Code      20  lpc22xxuartbase.o(.text)
    lpc22xxuart1_initb                       0x000020ec   ARM Code      44  lpc22xxuartbase.o(.text)
    lpc22xxuart1_writeb                      0x00002118   ARM Code      24  lpc22xxuartbase.o(.text)
    lpc22xxuart1_readb                       0x00002130   ARM Code      44  lpc22xxuartbase.o(.text)
    lpc22xxuart1_ioctlb                      0x0000215c   ARM Code      48  lpc22xxuartbase.o(.text)
    uart2_irq()                              0x0000218c   ARM Code      20  lpc22xxuartbase.o(.text)
    lpc22xxuart2_initb                       0x000021a0   ARM Code      60  lpc22xxuartbase.o(.text)
    lpc22xxuart2_writeb                      0x000021dc   ARM Code      24  lpc22xxuartbase.o(.text)
    lpc22xxuart2_readb                       0x000021f4   ARM Code      44  lpc22xxuartbase.o(.text)
    lpc22xxuartbase::resetbaud(unsigned)     0x00002220   ARM Code      24  lpc22xxuartbase.o(.text)
    lpc22xxuart2_ioctlb                      0x00002238   ARM Code      68  lpc22xxuartbase.o(.text)
    lpc22xxuartbase::txnearlyend()           0x0000227c   ARM Code      16  lpc22xxuartbase.o(.text)
    lcd050i64bio_init                        0x000022d8   ARM Code      76  lcd050i64bio.o(.text)
    lcdbusystate                             0x00002324   ARM Code      16  lcd050i64bio.o(.text)
    set_xy_add                               0x00002334   ARM Code      48  lcd050i64bio.o(.text)
    set_reg1                                 0x00002364   ARM Code      16  lcd050i64bio.o(.text)
    set_reg2                                 0x00002374   ARM Code      24  lcd050i64bio.o(.text)
    set_sys_cmd                              0x0000238c   ARM Code      28  lcd050i64bio.o(.text)
    lcd050i64bio_read                        0x000023a8   ARM Code       8  lcd050i64bio.o(.text)
    lcd050i64bio_write                       0x000023b0   ARM Code       8  lcd050i64bio.o(.text)
    lcd050i64bio_ioctl                       0x000023b8   ARM Code      80  lcd050i64bio.o(.text)
    tty_setting                              0x00002410   ARM Code      64  sys_init.o(.text)
    wait_state                               0x00002450   ARM Code      60  sys_init.o(.text)
    sys_init                                 0x0000248c   ARM Code      20  sys_init.o(.text)
    lcd_portr                                0x00002504   ARM Code      36  tty_control.o(.text)
    cmd_LcdTest                              0x00002528   ARM Code      44  tty_control.o(.text)
    draw_line                                0x00002554   ARM Code      44  tty_control.o(.text)
    ttycmd_init                              0x00002580   ARM Code      12  tty_control.o(.text)
    tty_control                              0x0000258c   ARM Code       4  tty_control.o(.text)
    vt100Init                                0x000025bc   ARM Code       4  vt100.o(.text)
    vt100ClearScreen                         0x000025c0   ARM Code       4  vt100.o(.text)
    vt100SetAttr                             0x000025c4   ARM Code       4  vt100.o(.text)
    vt100SetCursorMode                       0x000025c8   ARM Code       4  vt100.o(.text)
    vt100SaveCursorAttr                      0x000025cc   ARM Code       4  vt100.o(.text)
    vt100RestoreCursorAttr                   0x000025d0   ARM Code       4  vt100.o(.text)
    vt100SetCursorPos                        0x000025d4   ARM Code       4  vt100.o(.text)
    vt100StrollDown                          0x000025d8   ARM Code       4  vt100.o(.text)
    vt100StrollUp                            0x000025dc   ARM Code       4  vt100.o(.text)
    vt100StrollScreen                        0x000025e0   ARM Code       4  vt100.o(.text)
    taskdisplay()                            0x000025e4   ARM Code      16  brake_main.o(.text)
    tasktty()                                0x000025f4   ARM Code      16  brake_main.o(.text)
    system_run()                             0x00002604   ARM Code      56  brake_main.o(.text)
    main                                     0x0000263c   ARM Code      32  brake_main.o(.text)
    drv2_init                                0x0000265c   ARM Code       4  drv2.o(.text)
    GetGB16_Index                            0x00002660   ARM Code      84  gb_table.o(.text)
    get_lcderr                               0x000026b8   ARM Code      12  lcd050i64.o(.text)
    LcdBusy                                  0x000026c4   ARM Code     108  lcd050i64.o(.text)
    LCD_Fill                                 0x00002730   ARM Code      44  lcd050i64.o(.text)
    lcd_init_2                               0x0000275c   ARM Code      56  lcd050i64.o(.text)
    Write_Dot_LCD                            0x00002794   ARM Code      28  lcd050i64.o(.text)
    Set_Dot_Addr_LCD                         0x000027b0   ARM Code       4  lcd050i64.o(.text)
    Lcd_DispOff                              0x000027b4   ARM Code       4  lcd050i64.o(.text)
    Lcd_DispOn                               0x000027b8   ARM Code       4  lcd050i64.o(.text)
    Lcd_Clr_Txt                              0x000027bc   ARM Code       4  lcd050i64.o(.text)
    lcd_rst                                  0x000027c0   ARM Code      88  lcd050i64.o(.text)
    SetDColor                                0x00002840   ARM Code      20  lcd_dis.o(.text)
    FontSet                                  0x00002854   ARM Code     172  lcd_dis.o(.text)
    FontMode                                 0x00002900   ARM Code      12  lcd_dis.o(.text)
    PutChar                                  0x0000290c   ARM Code     236  lcd_dis.o(.text)
    PutHZ                                    0x000029f8   ARM Code      40  lcd_dis.o(.text)
    PutString                                0x00002a20   ARM Code     112  lcd_dis.o(.text)
    PutHZString                              0x00002a90   ARM Code     116  lcd_dis.o(.text)
    PutStringAll                             0x00002b04   ARM Code     164  lcd_dis.o(.text)
    PutPixel                                 0x00002ba8   ARM Code      12  lcd_dis.o(.text)
    Line                                     0x00002bb4   ARM Code     376  lcd_dis.o(.text)
    W_Red_Dot                                0x00002d2c   ARM Code     128  lcd_dis.o(.text)
    W_Red_Err                                0x00002dac   ARM Code      88  lcd_dis.o(.text)
    Circle                                   0x00002e04   ARM Code     196  lcd_dis.o(.text)
    Rectangle                                0x00002ec8   ARM Code     180  lcd_dis.o(.text)
    ClrScreen                                0x00002f7c   ARM Code      20  lcd_dis.o(.text)
    putpixel                                 0x00002f90   ARM Code      28  lcd_dis.o(.text)
    initgraph                                0x00002fac   ARM Code       4  lcd_dis.o(.text)
    closegraph                               0x00002fb0   ARM Code       4  lcd_dis.o(.text)
    clear()                                  0x00002fc8   ARM Code      60  components.o(.text)
    partialClear(int, int, int, int)         0x00003004   ARM Code      76  components.o(.text)
    changeBlockColor(int, int, int)          0x00003050   ARM Code     124  components.o(.text)
    drawLine(int, int, int, int)             0x000030cc   ARM Code     124  components.o(.text)
    drawRec(int, int, int, int, bool)        0x00003148   ARM Code     316  components.o(.text)
    refresh()                                0x00003284   ARM Code    4640  lcdtestmain.o(.text)
    init_frame(int, int, int, bool, int, char*, D_VALUEBRANCH*, D_SWITCHBRANCH*) 0x000044a4   ARM Code     156  lcdtestmain.o(.text)
    partialRefresh()                         0x00004540   ARM Code     580  lcdtestmain.o(.text)
    change_value(int, bool, D_VALUEBRANCH*, D_SWITCHBRANCH*) 0x00004784   ARM Code      88  lcdtestmain.o(.text)
    LcdTest                                  0x000047dc   ARM Code     168  lcdtestmain.o(.text)
    drawC0(int, int)                         0x00004898   ARM Code      64  mycomponents.o(.text)
    drawC00(int, int)                        0x000048d8   ARM Code      64  mycomponents.o(.text)
    drawC1(int, int)                         0x00004918   ARM Code      64  mycomponents.o(.text)
    drawC11(int, int)                        0x00004958   ARM Code      64  mycomponents.o(.text)
    drawC2(int, int, int)                    0x00004998   ARM Code      60  mycomponents.o(.text)
    drawC3(int, int, char*)                  0x000049d4   ARM Code      72  mycomponents.o(.text)
    drawLeft(int, D_VALUEBRANCH, bool)       0x00004a1c   ARM Code     124  mycomponents.o(.text)
    drawRight(int, D_VALUEBRANCH, bool)      0x00004a98   ARM Code     132  mycomponents.o(.text)
    getStringLength(char*)                   0x00004b20   ARM Code      36  utility.o(.text)
    abs(int)                                 0x00004b44   ARM Code      12  utility.o(.text)
    dtb_r(int, int*, int)                    0x00004b50   ARM Code      36  words.o(.text)
    putWord(int, int, int)                   0x00004b74   ARM Code     256  words.o(.text)
    putNumber(int, int, char*)               0x00004c74   ARM Code      88  words.o(.text)
    __user_libspace                          0x00004cd0   ARM Code      12  libspace.o(.text)
    __user_perproc_libspace                  0x00004cd0   ARM Code       0  libspace.o(.text)
    __I$use$semihosting                      0x00004cdc   ARM Code       0  use_no_semi.o(.text)
    __use_no_semihosting_swi                 0x00004cdc   ARM Code       4  use_no_semi.o(.text)
    Inline ARM to Thumb Veneer to toupper    0x00004ce0   ARM Code       8  toupper.o(.text)
    toupper                                  0x00004ce9   Thumb Code    34  toupper.o(.text)
    Inline ARM to Thumb Veneer to __c89printf 0x00004d0c   ARM Code       8  c89printf.o(.text)
    __c89printf                              0x00004d15   Thumb Code    22  c89printf.o(.text)
    Inline ARM to Thumb Veneer to __2printf  0x00004d30   ARM Code       8  __2printf.o(.text)
    __2printf                                0x00004d39   Thumb Code    22  __2printf.o(.text)
    _printf_pre_padding                      0x00004d55   Thumb Code    50  _printf_pad.o(.text)
    _printf_post_padding                     0x00004d87   Thumb Code    36  _printf_pad.o(.text)
    _printf_str                              0x00004dab   Thumb Code    88  _printf_str.o(.text)
    Inline ARM to Thumb Veneer to _printf_int_dec 0x00004e04   ARM Code       8  _printf_dec.o(.text)
    _printf_int_dec                          0x00004e0d   Thumb Code    94  _printf_dec.o(.text)
    Inline ARM to Thumb Veneer to _printf_hex_ptr 0x00004e7c   ARM Code       8  _printf_hex_int_ll_ptr.o(.text)
    _printf_longlong_hex                     0x00004e85   Thumb Code    92  _printf_hex_int_ll_ptr.o(.text)
    _printf_int_hex                          0x00004ee1   Thumb Code    32  _printf_hex_int_ll_ptr.o(.text)
    _printf_ll_hex                           0x00004f01   Thumb Code    10  _printf_hex_int_ll_ptr.o(.text)
    _printf_hex_ptr                          0x00004f0b   Thumb Code    22  _printf_hex_int_ll_ptr.o(.text)
    __printf                                 0x00004f25   Thumb Code   408  __printf_flags_ss_wp.o(.text)
    Inline ARM to Thumb Veneer to __0sscanf  0x000050c0   ARM Code       8  __0sscanf.o(.text)
    __0sscanf                                0x000050c9   Thumb Code    54  __0sscanf.o(.text)
    _scanf_int                               0x00005109   Thumb Code   348  _scanf_int.o(.text)
    Inline ARM to Thumb Veneer to getc       0x00005264   ARM Code       8  getc.o(.text)
    getc                                     0x0000526d   Thumb Code    12  getc.o(.text)
    Inline ARM to Thumb Veneer to putc       0x00005278   ARM Code       8  putc.o(.text)
    putc                                     0x00005281   Thumb Code    12  putc.o(.text)
    __aeabi_memcpy                           0x0000528c   ARM Code       0  rt_memcpy.o(.text)
    __rt_memcpy                              0x0000528c   ARM Code     212  rt_memcpy.o(.text)
    _memcpy_lastbytes                        0x00005340   ARM Code       0  rt_memcpy.o(.text)
    __aeabi_memcpy4                          0x00005360   ARM Code       0  rt_memcpy_w.o(.text)
    __aeabi_memcpy8                          0x00005360   ARM Code       0  rt_memcpy_w.o(.text)
    __rt_memcpy_w                            0x00005360   ARM Code     100  rt_memcpy_w.o(.text)
    _memcpy_lastbytes_aligned                0x000053ac   ARM Code       0  rt_memcpy_w.o(.text)
    strcmp                                   0x000053c4   ARM Code     156  strcmp.o(.text)
    Inline Thumb to ARM Veneer to __aeabi_idivmod 0x00005465   Thumb Code     4  aeabi_sdiv.o(.text)
    __aeabi_idiv                             0x00005468   ARM Code       0  aeabi_sdiv.o(.text)
    __aeabi_idivmod                          0x00005468   ARM Code     384  aeabi_sdiv.o(.text)
    __use_two_region_memory                  0x000055e9   Thumb Code     2  heapauxi.o(.text)
    __rt_heap_escrow$2region                 0x000055eb   Thumb Code     2  heapauxi.o(.text)
    __rt_heap_expand$2region                 0x000055ed   Thumb Code     2  heapauxi.o(.text)
    __cpp_initialize__aeabi_                 0x000055f1   Thumb Code    32  init_aeabi.o(.text)
    Inline Thumb to ARM Veneer to __rt_ctype_table 0x00005619   Thumb Code     4  rt_ctype_table.o(.text)
    __rt_ctype_table                         0x0000561c   ARM Code      24  rt_ctype_table.o(.text)
    _printf_truncate_signed                  0x00005635   Thumb Code    22  _printf_truncate.o(.text)
    _printf_truncate_unsigned                0x0000564b   Thumb Code    22  _printf_truncate.o(.text)
    _printf_int_common                       0x00005661   Thumb Code   186  _printf_intcommon.o(.text)
    Inline ARM to Thumb Veneer to _printf_charcount 0x0000571c   ARM Code       8  _printf_charcount.o(.text)
    _printf_charcount                        0x00005725   Thumb Code    40  _printf_charcount.o(.text)
    _printf_char_common                      0x00005757   Thumb Code    34  _printf_char_common.o(.text)
    Inline ARM to Thumb Veneer to _printf_char 0x0000577c   ARM Code       8  _printf_char.o(.text)
    _printf_cs_common                        0x00005785   Thumb Code    26  _printf_char.o(.text)
    _printf_char                             0x0000579f   Thumb Code    16  _printf_char.o(.text)
    _printf_string                           0x000057af   Thumb Code     8  _printf_char.o(.text)
    _printf_char_file                        0x000057b9   Thumb Code    38  _printf_char_file.o(.text)
    _printf_wctomb                           0x000057e5   Thumb Code   188  _printf_wctomb.o(.text)
    Inline ARM to Thumb Veneer to _printf_longlong_dec 0x000058a4   ARM Code       8  _printf_longlong_dec.o(.text)
    _printf_longlong_dec                     0x000058ad   Thumb Code    98  _printf_longlong_dec.o(.text)
    Inline ARM to Thumb Veneer to _printf_int_oct 0x00005920   ARM Code       8  _printf_oct_int_ll.o(.text)
    _printf_longlong_oct                     0x00005929   Thumb Code    72  _printf_oct_int_ll.o(.text)
    _printf_int_oct                          0x00005971   Thumb Code    28  _printf_oct_int_ll.o(.text)
    _printf_ll_oct                           0x0000598d   Thumb Code    10  _printf_oct_int_ll.o(.text)
    _chval                                   0x000059a1   Thumb Code    30  _chval.o(.text)
    __vfscanf_char                           0x000059cd   Thumb Code    32  scanf_char.o(.text)
    _sgetc                                   0x000059f5   Thumb Code    32  _sgetc.o(.text)
    _sbackspace                              0x00005a15   Thumb Code    36  _sgetc.o(.text)
    Inline Thumb to ARM Veneer to __rt_udiv10 0x00005a39   Thumb Code     4  rtudiv10.o(.text)
    __rt_udiv10                              0x00005a3c   ARM Code      44  rtudiv10.o(.text)
    Inline Thumb to ARM Veneer to __rt_locale 0x00005a69   Thumb Code     4  rt_locale_twolibspace.o(.text)
    __rt_locale                              0x00005a6c   ARM Code      20  rt_locale_twolibspace.o(.text)
    Inline Thumb to ARM Veneer to _ll_udiv10 0x00005a81   Thumb Code     4  lludiv10.o(.text)
    _ll_udiv10                               0x00005a84   ARM Code     160  lludiv10.o(.text)
    isspace                                  0x00005b25   Thumb Code    22  isspace.o(.text)
    __lib_sel_fp_printf                      0x00005b3d   Thumb Code     2  _printf_fp_dec.o(.text)
    _printf_fp_dec_real                      0x00005cdd   Thumb Code   626  _printf_fp_dec.o(.text)
    Inline ARM to Thumb Veneer to _printf_wchar 0x00005f5c   ARM Code       8  _printf_wchar.o(.text)
    _printf_lcs_common                       0x00005f65   Thumb Code    26  _printf_wchar.o(.text)
    _printf_wchar                            0x00005f7f   Thumb Code    16  _printf_wchar.o(.text)
    _printf_wstring                          0x00005f8f   Thumb Code     8  _printf_wchar.o(.text)
    __vfscanf                                0x00005f99   Thumb Code   956  _scanf.o(.text)
    _wcrtomb                                 0x00006361   Thumb Code    74  _wcrtomb.o(.text)
    __user_setup_stackheap                   0x000063ac   ARM Code      96  sys_stackheap_outer.o(.text)
    _printf_fp_infnan                        0x0000640d   Thumb Code   128  _printf_fp_infnan.o(.text)
    _btod_etento                             0x0000649d   Thumb Code   210  bigflt0.o(.text)
    exit                                     0x00006575   Thumb Code    12  exit.o(.text)
    __aeabi_uidiv                            0x00006580   ARM Code       0  aeabi_sdiv.o(.text_udiv)
    __aeabi_uidivmod                         0x00006580   ARM Code      36  aeabi_sdiv.o(.text_udiv)
    Inline Thumb to ARM Veneer to _btod_d2e  0x000065a5   Thumb Code     4  btod.o(CL$$btod_d2e)
    _btod_d2e                                0x000065a8   ARM Code      56  btod.o(CL$$btod_d2e)
    _d2e_denorm_low                          0x000065e0   ARM Code      84  btod.o(CL$$btod_d2e_denorm_low)
    _d2e_norm_op1                            0x00006634   ARM Code     104  btod.o(CL$$btod_d2e_norm_op1)
    __btod_div_common                        0x0000669c   ARM Code     716  btod.o(CL$$btod_div_common)
    _e2e                                     0x000069e8   ARM Code     220  btod.o(CL$$btod_e2e)
    Inline Thumb to ARM Veneer to _btod_ediv 0x00006ac5   Thumb Code     4  btod.o(CL$$btod_ediv)
    _btod_ediv                               0x00006ac8   ARM Code      52  btod.o(CL$$btod_ediv)
    Inline Thumb to ARM Veneer to _btod_emul 0x00006afd   Thumb Code     4  btod.o(CL$$btod_emul)
    _btod_emul                               0x00006b00   ARM Code      52  btod.o(CL$$btod_emul)
    __btod_mult_common                       0x00006b34   ARM Code     616  btod.o(CL$$btod_mult_common)
    SWI_Count                                0x00006d9c   Data           4  swi_table.o(SWI_TABLE)
    SWI_Table                                0x00006da0   Data           0  swi_table.o(SWI_TABLE)
    Long ARM to Thumb Veneer to _printf_int_hex 0x00006dc4   ARM Code      12  anon$$obj.o(Veneer$$Code)
    Long ARM to Thumb Veneer to _printf_ll_oct 0x00006dd0   ARM Code      12  anon$$obj.o(Veneer$$Code)
    Long ARM to Thumb Veneer to _printf_ll_hex 0x00006ddc   ARM Code      12  anon$$obj.o(Veneer$$Code)
    Long ARM to Thumb Veneer to _printf_string 0x00006de8   ARM Code      12  anon$$obj.o(Veneer$$Code)
    Long ARM to Thumb Veneer to _printf_wstring 0x00006df4   ARM Code      12  anon$$obj.o(Veneer$$Code)
    Short Thumb to ARM Veneer to fgetc       0x00006e01   Thumb Code     8  anon$$obj.o(Veneer$$Code)
    Short Thumb to ARM Veneer to ferror      0x00006e09   Thumb Code     8  anon$$obj.o(Veneer$$Code)
    Short Thumb to ARM Veneer to os_error    0x00006e11   Thumb Code     8  anon$$obj.o(Veneer$$Code)
    Short Thumb to ARM Veneer to os_tmr_call 0x00006e19   Thumb Code     8  anon$$obj.o(Veneer$$Code)
    Long ARM to Thumb Veneer to _printf_fp_dec_real 0x00006e20   ARM Code      12  anon$$obj.o(Veneer$$Code)
    __ARM_common_call_via_r0                 0x00006e2d   Thumb Code     2  init_aeabi.o(i.__ARM_common_call_via_r0)
    __ARM_common_call_via_r1                 0x00006e2f   Thumb Code     2  __printf.o(i.__ARM_common_call_via_r1)
    __ARM_common_call_via_r2                 0x00006e31   Thumb Code     2  _printf_wctomb.o(i.__ARM_common_call_via_r2)
    __ARM_common_call_via_r3                 0x00006e33   Thumb Code     2  _wcrtomb.o(i.__ARM_common_call_via_r3)
    Inline Thumb to ARM Veneer to __ARM_fpclassify 0x00006e35   Thumb Code     4  fpclassify.o(i.__ARM_fpclassify)
    __ARM_fpclassify                         0x00006e38   ARM Code      48  fpclassify.o(i.__ARM_fpclassify)
    __SWI_0                                  0x00006e69   Thumb Code    46  hal_arm.o(i.__SWI_0)
    __SWI_1                                  0x00006e9d   Thumb Code    14  rt_membox.o(i.__SWI_1)
    __SWI_2                                  0x00006eab   Thumb Code    24  rt_membox.o(i.__SWI_2)
    __SWI_3                                  0x00006ec3   Thumb Code     8  hal_arm.o(i.__SWI_3)
    __SWI_4                                  0x00006ecb   Thumb Code     8  hal_arm.o(i.__SWI_4)
    __SWI_6                                  0x00006ed3   Thumb Code     2  hal_arm.o(i.__SWI_6)
    __SWI_7                                  0x00006ed5   Thumb Code     2  hal_arm.o(i.__SWI_7)
    _init_box                                0x00006ed7   Thumb Code    74  rt_membox.o(i._init_box)
    _is_digit                                0x00006f21   Thumb Code    14  __printf_wp.o(i._is_digit)
    os_block                                 0x00006f31   Thumb Code    58  rt_task.o(i.os_block)
    os_dec_dly                               0x00006f79   Thumb Code   116  rt_list.o(i.os_dec_dly)
    os_dispatch                              0x00006ff5   Thumb Code    60  rt_task.o(i.os_dispatch)
    os_evt_psh                               0x00007039   Thumb Code    74  rt_event.o(i.os_evt_psh)
    os_get_first                             0x00007089   Thumb Code    42  rt_list.o(i.os_get_first)
    os_get_same_rdy_prio                     0x000070b5   Thumb Code    26  rt_list.o(i.os_get_same_rdy_prio)
    os_init_stack                            0x00007121   Thumb Code   100  hal_arm.o(i.os_init_stack)
    Inline ARM to Thumb Veneer to os_itv_set 0x00007194   ARM Code       8  rt_time.o(i.os_itv_set)
    os_itv_set                               0x0000719d   Thumb Code    16  rt_time.o(i.os_itv_set)
    Inline ARM to Thumb Veneer to os_itv_wait 0x000071b4   ARM Code       8  rt_time.o(i.os_itv_wait)
    os_itv_wait                              0x000071bd   Thumb Code    46  rt_time.o(i.os_itv_wait)
    os_mbx_psh                               0x000071f5   Thumb Code   132  rt_mailbox.o(i.os_mbx_psh)
    os_mut_init                              0x0000727d   Thumb Code    44  rt_mutex.o(i.os_mut_init)
    os_mut_release                           0x000072ad   Thumb Code   160  rt_mutex.o(i.os_mut_release)
    os_mut_wait                              0x00007355   Thumb Code   126  rt_mutex.o(i.os_mut_wait)
    os_put_dly                               0x000073d9   Thumb Code    76  rt_list.o(i.os_put_dly)
    os_put_prio                              0x00007429   Thumb Code    62  rt_list.o(i.os_put_prio)
    os_put_rdy_first                         0x00007469   Thumb Code    14  rt_list.o(i.os_put_rdy_first)
    os_resort_prio                           0x0000747d   Thumb Code    48  rt_list.o(i.os_resort_prio)
    os_rmv_dly                               0x000074b1   Thumb Code    44  rt_list.o(i.os_rmv_dly)
    os_rmv_list                              0x000074dd   Thumb Code    46  rt_list.o(i.os_rmv_list)
    os_sem_psh                               0x00007511   Thumb Code    50  rt_semaphore.o(i.os_sem_psh)
    os_stk_check                             0x00007549   Thumb Code    38  hal_arm.o(i.os_stk_check)
    os_sys_init1                             0x00007579   Thumb Code   162  rt_task.o(i.os_sys_init1)
    os_sys_manager                           0x00007661   Thumb Code   186  rt_system.o(i.os_sys_manager)
    Inline ARM to Thumb Veneer to os_time_get 0x00007730   ARM Code       8  rt_time.o(i.os_time_get)
    os_time_get                              0x00007739   Thumb Code     6  rt_time.o(i.os_time_get)
    os_tmr_tick                              0x00007745   Thumb Code    58  rt_timer.o(i.os_tmr_tick)
    Inline ARM to Thumb Veneer to os_tsk_create0 0x00007788   ARM Code       8  rt_task.o(i.os_tsk_create0)
    os_tsk_create0                           0x00007791   Thumb Code   130  rt_task.o(i.os_tsk_create0)
    Inline ARM to Thumb Veneer to os_tsk_delete 0x00007820   ARM Code       8  rt_task.o(i.os_tsk_delete)
    os_tsk_delete                            0x00007829   Thumb Code   156  rt_task.o(i.os_tsk_delete)
    Inline ARM to Thumb Veneer to os_tsk_pass 0x000078d8   ARM Code       8  rt_task.o(i.os_tsk_pass)
    os_tsk_pass                              0x000078e1   Thumb Code    42  rt_task.o(i.os_tsk_pass)
    os_tsk_self                              0x00007915   Thumb Code    12  rt_task.o(i.os_tsk_self)
    Inline Thumb to ARM Veneer to _get_lc_ctype 0x00007925   Thumb Code     4  lc_ctype_c.o(locale$$code)
    _get_lc_ctype                            0x00007928   ARM Code      80  lc_ctype_c.o(locale$$code)
    Inline Thumb to ARM Veneer to _get_lc_numeric 0x00007979   Thumb Code     4  lc_numeric_c.o(locale$$code)
    _get_lc_numeric                          0x0000797c   ARM Code      80  lc_numeric_c.o(locale$$code)
    Inline Thumb to ARM Veneer to __ieee_status 0x000079cd   Thumb Code     4  istatus.o(x$fpl$ieeestatus)
    __ieee_status                            0x000079d0   ARM Code       8  istatus.o(x$fpl$ieeestatus)
    _printf_fp_dec                           0x000079d8   ARM Code       4  printf1.o(x$fpl$printf1)
    __I$use$fp                               0x000079dc   Number         0  usenofp.o(x$fpl$usenofp)
    os_maxtaskrun                            0x000079dc   Data           2  rtx2_config.o(.constdata)
    os_stackinfo                             0x000079e0   Data           4  rtx2_config.o(.constdata)
    os_clockrate                             0x000079e4   Data           4  rtx2_config.o(.constdata)
    os_timernum                              0x000079e8   Data           4  rtx2_config.o(.constdata)
    mp_tcb_size                              0x000079ec   Data           2  rtx2_config.o(.constdata)
    mp_stk_size                              0x000079f0   Data           4  rtx2_config.o(.constdata)
    os_fifo_size                             0x000079f4   Data           1  rtx2_config.o(.constdata)
    mp_tmr_size                              0x000079f6   Data           2  rtx2_config.o(.constdata)
    GB1716                                   0x00007a34   Data         192  gb_table.o(.constdata)
    GB_16                                    0x00007af4   Data         640  gb_table.o(.constdata)
    Asii0610                                 0x00007d74   Data         970  lcd_ascii.o(.constdata)
    Asii0816                                 0x0000813e   Data        1536  lcd_ascii.o(.constdata)
    Region$$Table$$Base                      0x000089a4   Number         0  anon$$obj.o(Region$$Table)
    Region$$Table$$Limit                     0x000089c4   Number         0  anon$$obj.o(Region$$Table)
    __ctype                                  0x000089d1   Data           0  lc_ctype_c.o(locale$$data)
    SHT$$INIT_ARRAY$$Base                    0x00008af0   Number         0  lpc22xxuartbase.o(.init_array)
    SHT$$INIT_ARRAY$$Limit                   0x00008af4   Number         0  lpc22xxuartbase.o(.init_array)
    __stdout                                 0xa000004c   Data           4  retarget.o(.data)
    __stdin                                  0xa0000050   Data           4  retarget.o(.data)
    ERRORMSG                                 0xa0000064   Data          16  command.o(.data)
    m_tmr                                    0xa0000074   Data           4  rtx2_config.o(.data)
    ioport_sys                               0xa00000e0   Data         240  ioport.o(.data)
    Baudtable                                0xa00001d0   Data         160  lpc22xxuartbase.o(.data)
    GB16_Table                               0xa0000270   Data          41  gb_table.o(.data)
    X_Witch                                  0xa000029e   Data           1  lcd_dis.o(.data)
    Y_Witch                                  0xa000029f   Data           1  lcd_dis.o(.data)
    Font_Wrod                                0xa00002a0   Data           1  lcd_dis.o(.data)
    Char_TAB                                 0xa00002a8   Data           4  lcd_dis.o(.data)
    D_HEIGHT                                 0xa00002ac   Data           4  lcdtestmain.o(.data)
    D_OFFSET                                 0xa00002b0   Data           4  lcdtestmain.o(.data)
    D_NUM                                    0xa00002b4   Data           4  lcdtestmain.o(.data)
    D_SIDE                                   0xa00002b8   Data           4  lcdtestmain.o(.data)
    D_TYPE                                   0xa00002bc   Data           4  lcdtestmain.o(.data)
    D_OPEN                                   0xa00002c0   Data           1  lcdtestmain.o(.data)
    D_NAME                                   0xa00002c4   Data           4  lcdtestmain.o(.data)
    D_ADDR                                   0xa00002c8   Data           4  lcdtestmain.o(.data)
    D_VALUE                                  0xa00002cc   Data           4  lcdtestmain.o(.data)
    D_SWITCH                                 0xa00002d0   Data           4  lcdtestmain.o(.data)
    GB_12                                    0xa00002d4   Data        1344  words.o(.data)
    os_runtask                               0xa0000814   Data           4  rt_task.o(.data)
    os_time                                  0xa0000818   Data           4  rt_time.o(.data)
    sys_stktop                               0xa000081c   Data           4  hal_arm.o(.data)
    sys_mode                                 0xa0000820   Data           1  hal_arm.o(.data)
    os_psh                                   0xa0000824   Data           8  rt_system.o(.data)
    os_tmr                                   0xa000082c   Data           8  rt_timer.o(.data)
    mp_tcb                                   0xa0000a78   Data         156  rtx2_config.o(.bss)
    mp_stk                                   0xa0000b18   Data       16400  rtx2_config.o(.bss)
    os_fifo                                  0xa0004b28   Data         132  rtx2_config.o(.bss)
    os_active_TCB                            0xa0004bac   Data          12  rtx2_config.o(.bss)
    mp_tmr                                   0xa0004bb8   Data          52  rtx2_config.o(.bss)
    uart0                                    0xa0004dac   Data        2080  lpc22xxuartbase.o(.bss)
    uart1                                    0xa00055cc   Data        2080  lpc22xxuartbase.o(.bss)
    uart2                                    0xa0005dec   Data        2080  lpc22xxuartbase.o(.bss)
    os_idle_TCB                              0xa000660c   Data          48  rt_task.o(.bss)
    os_rdy                                   0xa000663c   Data          24  rt_list.o(.bss)
    os_dly                                   0xa0006654   Data          24  rt_list.o(.bss)
    __libspace_start                         0xa000666c   Data          96  libspace.o(.bss)
    __temporary_stack_top$libspace           0xa00066cc   Data           0  libspace.o(.bss)



==============================================================================

Memory Map of the image

  Image Entry point : 0x000003dc

  Load Region LR_IROM1 (Base: 0x00000000, Size: 0x00009328, Max: 0x00080000, ABSOLUTE, COMPRESSED[0x00008fc0])

    Execution Region ER_IROM1 (Base: 0x00000000, Size: 0x00008af4, Max: 0x00080000, ABSOLUTE)

    Base Addr    Size         Type   Attr      Idx    E Section Name        Object

    0x00000000   0x000003dc   Code   RO            3    RESET               lpc2400_rtx.o
    0x000003dc   0x00000008   Code   RO         1247  * !!!main             c_t.l(__main.o)
    0x000003e4   0x0000003c   Code   RO         1582    !!!scatter          c_t.l(__scatter.o)
    0x00000420   0x0000005c   Code   RO         1580    !!dczerorl2         c_t.l(__dczerorl2.o)
    0x0000047c   0x0000002c   Code   RO         1584    !!handler_zi        c_t.l(__scatter_zi.o)
    0x000004a8   0x00000004   Ven    RO         1214    .ARM.Collect$$_printf_percent$$00000000  c_t.l(_printf_percent.o)
    0x000004ac   0x00000000   Code   RO         1214    .ARM.Collect$$_printf_percent$$00000000  c_t.l(_printf_percent.o)
    0x000004ac   0x00000008   Code   RO         1294    .ARM.Collect$$_printf_percent$$00000001  c_t.l(_printf_n.o)
    0x000004b4   0x00000008   Code   RO         1295    .ARM.Collect$$_printf_percent$$00000002  c_t.l(_printf_p.o)
    0x000004bc   0x00000008   Code   RO         1299    .ARM.Collect$$_printf_percent$$00000003  c_t.l(_printf_f.o)
    0x000004c4   0x00000008   Code   RO         1300    .ARM.Collect$$_printf_percent$$00000004  c_t.l(_printf_e.o)
    0x000004cc   0x00000008   Code   RO         1301    .ARM.Collect$$_printf_percent$$00000005  c_t.l(_printf_g.o)
    0x000004d4   0x00000008   Code   RO         1302    .ARM.Collect$$_printf_percent$$00000006  c_t.l(_printf_a.o)
    0x000004dc   0x0000000c   Code   RO         1307    .ARM.Collect$$_printf_percent$$00000007  c_t.l(_printf_ll.o)
    0x000004e8   0x00000008   Code   RO         1297    .ARM.Collect$$_printf_percent$$00000008  c_t.l(_printf_i.o)
    0x000004f0   0x00000008   Code   RO         1213    .ARM.Collect$$_printf_percent$$00000009  c_t.l(_printf_d.o)
    0x000004f8   0x00000008   Code   RO         1298    .ARM.Collect$$_printf_percent$$0000000A  c_t.l(_printf_u.o)
    0x00000500   0x00000008   Code   RO         1296    .ARM.Collect$$_printf_percent$$0000000B  c_t.l(_printf_o.o)
    0x00000508   0x00000008   Code   RO         1212    .ARM.Collect$$_printf_percent$$0000000C  c_t.l(_printf_x.o)
    0x00000510   0x00000008   Code   RO         1304    .ARM.Collect$$_printf_percent$$0000000D  c_t.l(_printf_lli.o)
    0x00000518   0x00000008   Code   RO         1305    .ARM.Collect$$_printf_percent$$0000000E  c_t.l(_printf_lld.o)
    0x00000520   0x00000008   Code   RO         1306    .ARM.Collect$$_printf_percent$$0000000F  c_t.l(_printf_llu.o)
    0x00000528   0x00000008   Code   RO         1311    .ARM.Collect$$_printf_percent$$00000010  c_t.l(_printf_llo.o)
    0x00000530   0x00000008   Code   RO         1312    .ARM.Collect$$_printf_percent$$00000011  c_t.l(_printf_llx.o)
    0x00000538   0x0000000c   Code   RO         1308    .ARM.Collect$$_printf_percent$$00000012  c_t.l(_printf_l.o)
    0x00000544   0x00000008   Code   RO         1293    .ARM.Collect$$_printf_percent$$00000013  c_t.l(_printf_c.o)
    0x0000054c   0x00000008   Code   RO         1211    .ARM.Collect$$_printf_percent$$00000014  c_t.l(_printf_s.o)
    0x00000554   0x00000008   Code   RO         1309    .ARM.Collect$$_printf_percent$$00000015  c_t.l(_printf_lc.o)
    0x0000055c   0x00000008   Code   RO         1310    .ARM.Collect$$_printf_percent$$00000016  c_t.l(_printf_ls.o)
    0x00000564   0x00000008   Code   RO         1303    .ARM.Collect$$_printf_percent$$00000017  c_t.l(_printf_percent_end.o)
    0x0000056c   0x00000008   Ven    RO         1505    .ARM.Collect$$libinit$$00000000  c_t.l(libinit.o)
    0x00000574   0x00000002   Code   RO         1505    .ARM.Collect$$libinit$$00000000  c_t.l(libinit.o)
    0x00000576   0x00000000   Code   RO         1322    .ARM.Collect$$libinit$$00000002  c_t.l(libinit2.o)
    0x00000576   0x00000000   Code   RO         1325    .ARM.Collect$$libinit$$00000008  c_t.l(libinit2.o)
    0x00000576   0x00000000   Code   RO         1327    .ARM.Collect$$libinit$$0000000A  c_t.l(libinit2.o)
    0x00000576   0x00000000   Code   RO         1329    .ARM.Collect$$libinit$$0000000C  c_t.l(libinit2.o)
    0x00000576   0x00000006   Code   RO         1330    .ARM.Collect$$libinit$$0000000D  c_t.l(libinit2.o)
    0x0000057c   0x00000000   Code   RO         1332    .ARM.Collect$$libinit$$0000000F  c_t.l(libinit2.o)
    0x0000057c   0x0000000c   Code   RO         1333    .ARM.Collect$$libinit$$00000010  c_t.l(libinit2.o)
    0x00000588   0x00000000   Code   RO         1334    .ARM.Collect$$libinit$$00000011  c_t.l(libinit2.o)
    0x00000588   0x00000000   Code   RO         1336    .ARM.Collect$$libinit$$00000013  c_t.l(libinit2.o)
    0x00000588   0x0000000a   Code   RO         1337    .ARM.Collect$$libinit$$00000014  c_t.l(libinit2.o)
    0x00000592   0x00000000   Code   RO         1338    .ARM.Collect$$libinit$$00000015  c_t.l(libinit2.o)
    0x00000592   0x00000000   Code   RO         1340    .ARM.Collect$$libinit$$00000017  c_t.l(libinit2.o)
    0x00000592   0x00000000   Code   RO         1342    .ARM.Collect$$libinit$$00000019  c_t.l(libinit2.o)
    0x00000592   0x00000000   Code   RO         1344    .ARM.Collect$$libinit$$0000001B  c_t.l(libinit2.o)
    0x00000592   0x00000000   Code   RO         1346    .ARM.Collect$$libinit$$0000001D  c_t.l(libinit2.o)
    0x00000592   0x00000000   Code   RO         1348    .ARM.Collect$$libinit$$0000001F  c_t.l(libinit2.o)
    0x00000592   0x00000000   Code   RO         1350    .ARM.Collect$$libinit$$00000021  c_t.l(libinit2.o)
    0x00000592   0x00000000   Code   RO         1352    .ARM.Collect$$libinit$$00000023  c_t.l(libinit2.o)
    0x00000592   0x00000000   Code   RO         1356    .ARM.Collect$$libinit$$0000002A  c_t.l(libinit2.o)
    0x00000592   0x00000000   Code   RO         1358    .ARM.Collect$$libinit$$0000002C  c_t.l(libinit2.o)
    0x00000592   0x00000000   Code   RO         1360    .ARM.Collect$$libinit$$0000002E  c_t.l(libinit2.o)
    0x00000592   0x00000004   Code   RO         1361    .ARM.Collect$$libinit$$0000002F  c_t.l(libinit2.o)
    0x00000596   0x00000000   Code   RO         1362    .ARM.Collect$$libinit$$00000030  c_t.l(libinit2.o)
    0x00000596   0x0000000c   Code   RO         1363    .ARM.Collect$$libinit$$00000031  c_t.l(libinit2.o)
    0x000005a2   0x00000002   PAD
    0x000005a4   0x00000008   Ven    RO         1549    .ARM.Collect$$libshutdown$$00000000  c_t.l(libshutdown.o)
    0x000005ac   0x00000004   Code   RO         1549    .ARM.Collect$$libshutdown$$00000000  c_t.l(libshutdown.o)
    0x000005b0   0x00000000   Code   RO         1566    .ARM.Collect$$libshutdown$$00000003  c_t.l(libshutdown2.o)
    0x000005b0   0x00000000   Code   RO         1569    .ARM.Collect$$libshutdown$$00000006  c_t.l(libshutdown2.o)
    0x000005b0   0x00000000   Code   RO         1572    .ARM.Collect$$libshutdown$$00000009  c_t.l(libshutdown2.o)
    0x000005b0   0x00000000   Code   RO         1574    .ARM.Collect$$libshutdown$$0000000B  c_t.l(libshutdown2.o)
    0x000005b0   0x00000000   Code   RO         1577    .ARM.Collect$$libshutdown$$0000000E  c_t.l(libshutdown2.o)
    0x000005b0   0x00000006   Code   RO         1578    .ARM.Collect$$libshutdown$$0000000F  c_t.l(libshutdown2.o)
    0x000005b6   0x00000002   PAD
    0x000005b8   0x00000000   Code   RO         1258    .ARM.Collect$$rtentry$$00000000  c_t.l(rtentry.o)
    0x000005b8   0x00000000   Code   RO         1367    .ARM.Collect$$rtentry$$00000002  c_t.l(rtentry2.o)
    0x000005b8   0x00000008   Code   RO         1379    .ARM.Collect$$rtentry$$00000004  c_t.l(rtentry4.o)
    0x000005c0   0x00000000   Code   RO         1369    .ARM.Collect$$rtentry$$00000009  c_t.l(rtentry2.o)
    0x000005c0   0x00000004   Code   RO         1370    .ARM.Collect$$rtentry$$0000000A  c_t.l(rtentry2.o)
    0x000005c4   0x00000000   Code   RO         1372    .ARM.Collect$$rtentry$$0000000C  c_t.l(rtentry2.o)
    0x000005c4   0x00000028   Code   RO         1373    .ARM.Collect$$rtentry$$0000000D  c_t.l(rtentry2.o)
    0x000005ec   0x00000004   Ven    RO         1513    .ARM.Collect$$rtexit$$00000000  c_t.l(rtexit.o)
    0x000005f0   0x00000004   Code   RO         1513    .ARM.Collect$$rtexit$$00000000  c_t.l(rtexit.o)
    0x000005f4   0x00000000   Code   RO         1533    .ARM.Collect$$rtexit$$00000002  c_t.l(rtexit2.o)
    0x000005f4   0x00000004   Code   RO         1534    .ARM.Collect$$rtexit$$00000003  c_t.l(rtexit2.o)
    0x000005f8   0x00000008   Code   RO         1535    .ARM.Collect$$rtexit$$00000004  c_t.l(rtexit2.o)
    0x00000600   0x00000008   Ven    RO          791    .emb_text           RTX_ARM_L.LIB(hal_arm.o)
    0x00000608   0x00000204   Code   RO          791    .emb_text           RTX_ARM_L.LIB(hal_arm.o)
    0x0000080c   0x00000024   Code   RO            4    .text               lpc2400_rtx.o
    0x00000830   0x0000006c   Code   RO           11    .text               syscall.o
    0x0000089c   0x00000204   Code   RO           39    .text               tick.o
    0x00000aa0   0x00000004   Ven    RO           60    .text               retarget.o
    0x00000aa4   0x000000b0   Code   RO           60    .text               retarget.o
    0x00000b54   0x0000048c   Code   RO           83    .text               command.o
    0x00000fe0   0x000000b8   Code   RO          110    .text               irq.o
    0x00001098   0x00000004   Ven    RO          125    .text               rtx2_config.o
    0x0000109c   0x0000000c   Code   RO          125    .text               rtx2_config.o
    0x000010a8   0x00000108   Code   RO          126    .text               rtx2_config.o
    0x000011b0   0x000006e0   Code   RO          233    .text               device_manage_rtx.o
    0x00001890   0x000000b0   Code   RO          273    .text               timer1.o
    0x00001940   0x0000030c   Code   RO          286    .text               ioport.o
    0x00001c4c   0x0000068c   Code   RO          302    .text               lpc22xxuartbase.o
    0x000022d8   0x00000138   Code   RO          339    .text               lcd050i64bio.o
    0x00002410   0x000000f4   Code   RO          354    .text               sys_init.o
    0x00002504   0x000000b8   Code   RO          367    .text               tty_control.o
    0x000025bc   0x00000028   Code   RO          398    .text               vt100.o
    0x000025e4   0x00000078   Code   RO          410    .text               brake_main.o
    0x0000265c   0x00000004   Code   RO          444    .text               drv2.o
    0x00002660   0x00000058   Code   RO          456    .text               gb_table.o
    0x000026b8   0x00000188   Code   RO          483    .text               lcd050i64.o
    0x00002840   0x00000788   Code   RO          504    .text               lcd_dis.o
    0x00002fc8   0x000002bc   Code   RO          520    .text               components.o
    0x00003284   0x00001614   Code   RO          539    .text               lcdtestmain.o
    0x00004898   0x00000288   Code   RO          563    .text               mycomponents.o
    0x00004b20   0x00000030   Code   RO          577    .text               utility.o
    0x00004b50   0x00000180   Code   RO          590    .text               words.o
    0x00004cd0   0x0000000c   Code   RO         1143    .text               c_t.l(libspace.o)
    0x00004cdc   0x00000004   Code   RO         1146    .text               c_t.l(use_no_semi.o)
    0x00004ce0   0x00000008   Ven    RO         1148    .text               c_t.l(toupper.o)
    0x00004ce8   0x00000022   Code   RO         1148    .text               c_t.l(toupper.o)
    0x00004d0a   0x00000002   PAD
    0x00004d0c   0x00000008   Ven    RO         1150    .text               c_t.l(c89printf.o)
    0x00004d14   0x0000001c   Code   RO         1150    .text               c_t.l(c89printf.o)
    0x00004d30   0x00000008   Ven    RO         1154    .text               c_t.l(__2printf.o)
    0x00004d38   0x0000001c   Code   RO         1154    .text               c_t.l(__2printf.o)
    0x00004d54   0x00000056   Code   RO         1164    .text               c_t.l(_printf_pad.o)
    0x00004daa   0x00000058   Code   RO         1166    .text               c_t.l(_printf_str.o)
    0x00004e02   0x00000002   PAD
    0x00004e04   0x00000008   Ven    RO         1168    .text               c_t.l(_printf_dec.o)
    0x00004e0c   0x00000070   Code   RO         1168    .text               c_t.l(_printf_dec.o)
    0x00004e7c   0x00000008   Ven    RO         1188    .text               c_t.l(_printf_hex_int_ll_ptr.o)
    0x00004e84   0x000000a0   Code   RO         1188    .text               c_t.l(_printf_hex_int_ll_ptr.o)
    0x00004f24   0x0000019c   Code   RO         1208    .text               c_t.l(__printf_flags_ss_wp.o)
    0x000050c0   0x00000008   Ven    RO         1215    .text               c_t.l(__0sscanf.o)
    0x000050c8   0x00000040   Code   RO         1215    .text               c_t.l(__0sscanf.o)
    0x00005108   0x0000015c   Code   RO         1217    .text               c_t.l(_scanf_int.o)
    0x00005264   0x00000008   Ven    RO         1219    .text               c_t.l(getc.o)
    0x0000526c   0x0000000c   Code   RO         1219    .text               c_t.l(getc.o)
    0x00005278   0x00000008   Ven    RO         1221    .text               c_t.l(putc.o)
    0x00005280   0x0000000c   Code   RO         1221    .text               c_t.l(putc.o)
    0x0000528c   0x000000d4   Code   RO         1223    .text               c_t.l(rt_memcpy.o)
    0x00005360   0x00000064   Code   RO         1225    .text               c_t.l(rt_memcpy_w.o)
    0x000053c4   0x000000a0   Code   RO         1227    .text               c_t.l(strcmp.o)
    0x00005464   0x00000004   Ven    RO         1229    .text               c_t.l(aeabi_sdiv.o)
    0x00005468   0x00000180   Code   RO         1229    .text               c_t.l(aeabi_sdiv.o)
    0x000055e8   0x00000006   Code   RO         1245    .text               c_t.l(heapauxi.o)
    0x000055ee   0x00000002   PAD
    0x000055f0   0x00000028   Code   RO         1252    .text               c_t.l(init_aeabi.o)
    0x00005618   0x00000004   Ven    RO         1259    .text               c_t.l(rt_ctype_table.o)
    0x0000561c   0x00000018   Code   RO         1259    .text               c_t.l(rt_ctype_table.o)
    0x00005634   0x0000002c   Code   RO         1265    .text               c_t.l(_printf_truncate.o)
    0x00005660   0x000000ba   Code   RO         1267    .text               c_t.l(_printf_intcommon.o)
    0x0000571a   0x00000002   PAD
    0x0000571c   0x00000008   Ven    RO         1269    .text               c_t.l(_printf_charcount.o)
    0x00005724   0x00000028   Code   RO         1269    .text               c_t.l(_printf_charcount.o)
    0x0000574c   0x00000030   Code   RO         1271    .text               c_t.l(_printf_char_common.o)
    0x0000577c   0x00000008   Ven    RO         1275    .text               c_t.l(_printf_char.o)
    0x00005784   0x00000032   Code   RO         1275    .text               c_t.l(_printf_char.o)
    0x000057b6   0x00000002   PAD
    0x000057b8   0x0000002c   Code   RO         1277    .text               c_t.l(_printf_char_file.o)
    0x000057e4   0x000000c0   Code   RO         1279    .text               c_t.l(_printf_wctomb.o)
    0x000058a4   0x00000008   Ven    RO         1285    .text               c_t.l(_printf_longlong_dec.o)
    0x000058ac   0x00000074   Code   RO         1285    .text               c_t.l(_printf_longlong_dec.o)
    0x00005920   0x00000008   Ven    RO         1291    .text               c_t.l(_printf_oct_int_ll.o)
    0x00005928   0x00000078   Code   RO         1291    .text               c_t.l(_printf_oct_int_ll.o)
    0x000059a0   0x0000001e   Code   RO         1313    .text               c_t.l(_chval.o)
    0x000059be   0x00000002   PAD
    0x000059c0   0x00000034   Code   RO         1315    .text               c_t.l(scanf_char.o)
    0x000059f4   0x00000044   Code   RO         1317    .text               c_t.l(_sgetc.o)
    0x00005a38   0x00000004   Ven    RO         1319    .text               c_t.l(rtudiv10.o)
    0x00005a3c   0x0000002c   Code   RO         1319    .text               c_t.l(rtudiv10.o)
    0x00005a68   0x00000004   Ven    RO         1388    .text               c_t.l(rt_locale_twolibspace.o)
    0x00005a6c   0x00000014   Code   RO         1388    .text               c_t.l(rt_locale_twolibspace.o)
    0x00005a80   0x00000004   Ven    RO         1390    .text               c_t.l(lludiv10.o)
    0x00005a84   0x000000a0   Code   RO         1390    .text               c_t.l(lludiv10.o)
    0x00005b24   0x00000016   Code   RO         1392    .text               c_t.l(isspace.o)
    0x00005b3a   0x00000002   PAD
    0x00005b3c   0x00000420   Code   RO         1394    .text               c_t.l(_printf_fp_dec.o)
    0x00005f5c   0x00000008   Ven    RO         1402    .text               c_t.l(_printf_wchar.o)
    0x00005f64   0x00000032   Code   RO         1402    .text               c_t.l(_printf_wchar.o)
    0x00005f96   0x00000002   PAD
    0x00005f98   0x000003c8   Code   RO         1404    .text               c_t.l(_scanf.o)
    0x00006360   0x0000004a   Code   RO         1406    .text               c_t.l(_wcrtomb.o)
    0x000063aa   0x00000002   PAD
    0x000063ac   0x00000060   Code   RO         1429    .text               c_t.l(sys_stackheap_outer.o)
    0x0000640c   0x00000090   Code   RO         1442    .text               c_t.l(_printf_fp_infnan.o)
    0x0000649c   0x000000d8   Code   RO         1444    .text               c_t.l(bigflt0.o)
    0x00006574   0x0000000c   Code   RO         1490    .text               c_t.l(exit.o)
    0x00006580   0x00000024   Code   RO         1230    .text_udiv          c_t.l(aeabi_sdiv.o)
    0x000065a4   0x00000004   Ven    RO         1447    CL$$btod_d2e        c_t.l(btod.o)
    0x000065a8   0x00000038   Code   RO         1447    CL$$btod_d2e        c_t.l(btod.o)
    0x000065e0   0x00000054   Code   RO         1449    CL$$btod_d2e_denorm_low  c_t.l(btod.o)
    0x00006634   0x00000068   Code   RO         1448    CL$$btod_d2e_norm_op1  c_t.l(btod.o)
    0x0000669c   0x0000034c   Code   RO         1457    CL$$btod_div_common  c_t.l(btod.o)
    0x000069e8   0x000000dc   Code   RO         1454    CL$$btod_e2e        c_t.l(btod.o)
    0x00006ac4   0x00000004   Ven    RO         1451    CL$$btod_ediv       c_t.l(btod.o)
    0x00006ac8   0x00000034   Code   RO         1451    CL$$btod_ediv       c_t.l(btod.o)
    0x00006afc   0x00000004   Ven    RO         1450    CL$$btod_emul       c_t.l(btod.o)
    0x00006b00   0x00000034   Code   RO         1450    CL$$btod_emul       c_t.l(btod.o)
    0x00006b34   0x00000268   Code   RO         1456    CL$$btod_mult_common  c_t.l(btod.o)
    0x00006d9c   0x00000028   Code   RO          122    SWI_TABLE           swi_table.o
    0x00006dc4   0x0000000c   Ven    RO         1624    Veneer$$Code        anon$$obj.o
    0x00006dd0   0x0000000c   Ven    RO         1625    Veneer$$Code        anon$$obj.o
    0x00006ddc   0x0000000c   Ven    RO         1626    Veneer$$Code        anon$$obj.o
    0x00006de8   0x0000000c   Ven    RO         1627    Veneer$$Code        anon$$obj.o
    0x00006df4   0x0000000c   Ven    RO         1628    Veneer$$Code        anon$$obj.o
    0x00006e00   0x00000008   Ven    RO         1629    Veneer$$Code        anon$$obj.o
    0x00006e08   0x00000008   Ven    RO         1630    Veneer$$Code        anon$$obj.o
    0x00006e10   0x00000008   Ven    RO         1631    Veneer$$Code        anon$$obj.o
    0x00006e18   0x00000008   Ven    RO         1632    Veneer$$Code        anon$$obj.o
    0x00006e20   0x0000000c   Ven    RO         1633    Veneer$$Code        anon$$obj.o
    0x00006e2c   0x00000002   Code   RO         1255    i.__ARM_common_call_via_r0  c_t.l(init_aeabi.o)
    0x00006e2e   0x00000002   Code   RO         1162    i.__ARM_common_call_via_r1  c_t.l(__printf.o)
    0x00006e30   0x00000002   Code   RO         1283    i.__ARM_common_call_via_r2  c_t.l(_printf_wctomb.o)
    0x00006e32   0x00000002   Code   RO         1408    i.__ARM_common_call_via_r3  c_t.l(_wcrtomb.o)
    0x00006e34   0x00000004   Ven    RO         1509    i.__ARM_fpclassify  m_ts.l(fpclassify.o)
    0x00006e38   0x00000030   Code   RO         1509    i.__ARM_fpclassify  m_ts.l(fpclassify.o)
    0x00006e68   0x00000034   Code   RO          792    i.__SWI_0           RTX_ARM_L.LIB(hal_arm.o)
    0x00006e9c   0x0000000e   Code   RO          761    i.__SWI_1           RTX_ARM_L.LIB(rt_membox.o)
    0x00006eaa   0x00000018   Code   RO          762    i.__SWI_2           RTX_ARM_L.LIB(rt_membox.o)
    0x00006ec2   0x00000008   Code   RO          793    i.__SWI_3           RTX_ARM_L.LIB(hal_arm.o)
    0x00006eca   0x00000008   Code   RO          794    i.__SWI_4           RTX_ARM_L.LIB(hal_arm.o)
    0x00006ed2   0x00000002   Code   RO          795    i.__SWI_6           RTX_ARM_L.LIB(hal_arm.o)
    0x00006ed4   0x00000002   Code   RO          796    i.__SWI_7           RTX_ARM_L.LIB(hal_arm.o)
    0x00006ed6   0x0000004a   Code   RO          764    i._init_box         RTX_ARM_L.LIB(rt_membox.o)
    0x00006f20   0x0000000e   Code   RO         1201    i._is_digit         c_t.l(__printf_wp.o)
    0x00006f2e   0x00000002   PAD
    0x00006f30   0x00000048   Code   RO          607    i.os_block          RTX_ARM_L.LIB(rt_task.o)
    0x00006f78   0x0000007c   Code   RO          895    i.os_dec_dly        RTX_ARM_L.LIB(rt_list.o)
    0x00006ff4   0x00000044   Code   RO          608    i.os_dispatch       RTX_ARM_L.LIB(rt_task.o)
    0x00007038   0x00000050   Code   RO          970    i.os_evt_psh        RTX_ARM_L.LIB(rt_event.o)
    0x00007088   0x0000002a   Code   RO          896    i.os_get_first      RTX_ARM_L.LIB(rt_list.o)
    0x000070b2   0x00000002   PAD
    0x000070b4   0x00000024   Code   RO          897    i.os_get_same_rdy_prio  RTX_ARM_L.LIB(rt_list.o)
    0x000070d8   0x00000048   Code   RO          609    i.os_init_context   RTX_ARM_L.LIB(rt_task.o)
    0x00007120   0x00000074   Code   RO          797    i.os_init_stack     RTX_ARM_L.LIB(hal_arm.o)
    0x00007194   0x00000008   Ven    RO          701    i.os_itv_set        RTX_ARM_L.LIB(rt_time.o)
    0x0000719c   0x00000018   Code   RO          701    i.os_itv_set        RTX_ARM_L.LIB(rt_time.o)
    0x000071b4   0x00000008   Ven    RO          702    i.os_itv_wait       RTX_ARM_L.LIB(rt_time.o)
    0x000071bc   0x00000038   Code   RO          702    i.os_itv_wait       RTX_ARM_L.LIB(rt_time.o)
    0x000071f4   0x00000088   Code   RO         1013    i.os_mbx_psh        RTX_ARM_L.LIB(rt_mailbox.o)
    0x0000727c   0x00000030   Code   RO          737    i.os_mut_init       RTX_ARM_L.LIB(rt_mutex.o)
    0x000072ac   0x000000a8   Code   RO          738    i.os_mut_release    RTX_ARM_L.LIB(rt_mutex.o)
    0x00007354   0x00000084   Code   RO          739    i.os_mut_wait       RTX_ARM_L.LIB(rt_mutex.o)
    0x000073d8   0x00000050   Code   RO          899    i.os_put_dly        RTX_ARM_L.LIB(rt_list.o)
    0x00007428   0x0000003e   Code   RO          900    i.os_put_prio       RTX_ARM_L.LIB(rt_list.o)
    0x00007466   0x00000002   PAD
    0x00007468   0x00000014   Code   RO          901    i.os_put_rdy_first  RTX_ARM_L.LIB(rt_list.o)
    0x0000747c   0x00000034   Code   RO          902    i.os_resort_prio    RTX_ARM_L.LIB(rt_list.o)
    0x000074b0   0x0000002c   Code   RO          903    i.os_rmv_dly        RTX_ARM_L.LIB(rt_list.o)
    0x000074dc   0x00000034   Code   RO          904    i.os_rmv_list       RTX_ARM_L.LIB(rt_list.o)
    0x00007510   0x00000038   Code   RO         1059    i.os_sem_psh        RTX_ARM_L.LIB(rt_semaphore.o)
    0x00007548   0x00000030   Code   RO          798    i.os_stk_check      RTX_ARM_L.LIB(hal_arm.o)
    0x00007578   0x000000e8   Code   RO          610    i.os_sys_init1      RTX_ARM_L.LIB(rt_task.o)
    0x00007660   0x000000d0   Code   RO          854    i.os_sys_manager    RTX_ARM_L.LIB(rt_system.o)
    0x00007730   0x00000008   Ven    RO          703    i.os_time_get       RTX_ARM_L.LIB(rt_time.o)
    0x00007738   0x0000000c   Code   RO          703    i.os_time_get       RTX_ARM_L.LIB(rt_time.o)
    0x00007744   0x00000044   Code   RO         1095    i.os_tmr_tick       RTX_ARM_L.LIB(rt_timer.o)
    0x00007788   0x00000008   Ven    RO          611    i.os_tsk_create0    RTX_ARM_L.LIB(rt_task.o)
    0x00007790   0x00000090   Code   RO          611    i.os_tsk_create0    RTX_ARM_L.LIB(rt_task.o)
    0x00007820   0x00000008   Ven    RO          613    i.os_tsk_delete     RTX_ARM_L.LIB(rt_task.o)
    0x00007828   0x000000b0   Code   RO          613    i.os_tsk_delete     RTX_ARM_L.LIB(rt_task.o)
    0x000078d8   0x00000008   Ven    RO          614    i.os_tsk_pass       RTX_ARM_L.LIB(rt_task.o)
    0x000078e0   0x00000034   Code   RO          614    i.os_tsk_pass       RTX_ARM_L.LIB(rt_task.o)
    0x00007914   0x00000010   Code   RO          616    i.os_tsk_self       RTX_ARM_L.LIB(rt_task.o)
    0x00007924   0x00000004   Ven    RO         1420    locale$$code        c_t.l(lc_ctype_c.o)
    0x00007928   0x00000050   Code   RO         1420    locale$$code        c_t.l(lc_ctype_c.o)
    0x00007978   0x00000004   Ven    RO         1485    locale$$code        c_t.l(lc_numeric_c.o)
    0x0000797c   0x00000050   Code   RO         1485    locale$$code        c_t.l(lc_numeric_c.o)
    0x000079cc   0x00000004   Ven    RO         1506    x$fpl$ieeestatus    fz_ts.l(istatus.o)
    0x000079d0   0x00000008   Code   RO         1506    x$fpl$ieeestatus    fz_ts.l(istatus.o)
    0x000079d8   0x00000004   Code   RO         1364    x$fpl$printf1       fz_ts.l(printf1.o)
    0x000079dc   0x00000000   Code   RO         1508    x$fpl$usenofp       fz_ts.l(usenofp.o)
    0x000079dc   0x00000002   Data   RO          133    .constdata          rtx2_config.o
    0x000079de   0x00000002   PAD
    0x000079e0   0x00000004   Data   RO          134    .constdata          rtx2_config.o
    0x000079e4   0x00000008   Data   RO          136    .constdata          rtx2_config.o
    0x000079ec   0x00000002   Data   RO          137    .constdata          rtx2_config.o
    0x000079ee   0x00000002   PAD
    0x000079f0   0x00000004   Data   RO          138    .constdata          rtx2_config.o
    0x000079f4   0x00000001   Data   RO          139    .constdata          rtx2_config.o
    0x000079f5   0x00000001   PAD
    0x000079f6   0x00000002   Data   RO          140    .constdata          rtx2_config.o
    0x000079f8   0x0000003c   Data   RO          368    .constdata          tty_control.o
    0x00007a34   0x000000c0   Data   RO          457    .constdata          gb_table.o
    0x00007af4   0x00000280   Data   RO          458    .constdata          gb_table.o
    0x00007d74   0x000003ca   Data   RO          473    .constdata          lcd_ascii.o
    0x0000813e   0x00000600   Data   RO          474    .constdata          lcd_ascii.o
    0x0000873e   0x00000002   PAD
    0x00008740   0x00000110   Data   RO          541    .constdata          lcdtestmain.o
    0x00008850   0x00000028   Data   RO         1189    .constdata          c_t.l(_printf_hex_int_ll_ptr.o)
    0x00008878   0x00000011   Data   RO         1209    .constdata          c_t.l(__printf_flags_ss_wp.o)
    0x00008889   0x00000003   PAD
    0x0000888c   0x00000008   Data   RO         1280    .constdata          c_t.l(_printf_wctomb.o)
    0x00008894   0x00000094   Data   RO         1445    .constdata          c_t.l(bigflt0.o)
    0x00008928   0x00000052   Data   RO          369    .conststring        tty_control.o
    0x0000897a   0x00000029   Data   RO          542    .conststring        lcdtestmain.o
    0x000089a3   0x00000001   PAD
    0x000089a4   0x00000020   Data   RO         1579    Region$$Table       anon$$obj.o
    0x000089c4   0x00000110   Data   RO         1419    locale$$data        c_t.l(lc_ctype_c.o)
    0x00008ad4   0x0000001c   Data   RO         1484    locale$$data        c_t.l(lc_numeric_c.o)
    0x00008af0   0x00000004   Data   RO          306    .init_array         lpc22xxuartbase.o


    Execution Region RW_IRAM1 (Base: 0x40000000, Size: 0x00000000, Max: 0x00010000, ABSOLUTE)

    **** No section assigned to this execution region ****


    Execution Region RW_RAM1 (Base: 0xa0000000, Size: 0x000606d0, Max: 0x00800000, ABSOLUTE, COMPRESSED[0x000004cc])

    Base Addr    Size         Type   Attr      Idx    E Section Name        Object

    0xa0000000   0x00000044   Data   RW           12    .data               syscall.o
    0xa0000044   0x00000008   Data   RW           41    .data               tick.o
    0xa000004c   0x00000004   Data   RW           61    .data               retarget.o
    0xa0000050   0x00000004   Data   RW           62    .data               retarget.o
    0xa0000054   0x00000020   Data   RW           85    .data               command.o
    0xa0000074   0x00000004   Data   RW          141    .data               rtx2_config.o
    0xa0000078   0x00000004   Data   RW          142    .data               rtx2_config.o
    0xa000007c   0x00000064   Data   RW          235    .data               device_manage_rtx.o
    0xa00000e0   0x000000f0   Data   RW          287    .data               ioport.o
    0xa00001d0   0x000000a0   Data   RW          305    .data               lpc22xxuartbase.o
    0xa0000270   0x00000029   Data   RW          459    .data               gb_table.o
    0xa0000299   0x00000001   PAD
    0xa000029a   0x00000002   Data   RW          484    .data               lcd050i64.o
    0xa000029c   0x00000010   Data   RW          505    .data               lcd_dis.o
    0xa00002ac   0x00000028   Data   RW          543    .data               lcdtestmain.o
    0xa00002d4   0x00000540   Data   RW          592    .data               words.o
    0xa0000814   0x00000004   Data   RW          618    .data               RTX_ARM_L.LIB(rt_task.o)
    0xa0000818   0x00000004   Data   RW          704    .data               RTX_ARM_L.LIB(rt_time.o)
    0xa000081c   0x00000004   Data   RW          799    .data               RTX_ARM_L.LIB(hal_arm.o)
    0xa0000820   0x00000001   Data   RW          800    .data               RTX_ARM_L.LIB(hal_arm.o)
    0xa0000821   0x00000003   PAD
    0xa0000824   0x00000008   Data   RW          855    .data               RTX_ARM_L.LIB(rt_system.o)
    0xa000082c   0x00000008   Data   RW         1096    .data               RTX_ARM_L.LIB(rt_timer.o)
    0xa0000834   0x00000100   Zero   RW           40    .bss                tick.o
    0xa0000934   0x00000144   Zero   RW           84    .bss                command.o
    0xa0000a78   0x0000009c   Zero   RW          127    .bss                rtx2_config.o
    0xa0000b14   0x00000004   PAD
    0xa0000b18   0x00004010   Zero   RW          128    .bss                rtx2_config.o
    0xa0004b28   0x00000084   Zero   RW          129    .bss                rtx2_config.o
    0xa0004bac   0x0000000c   Zero   RW          130    .bss                rtx2_config.o
    0xa0004bb8   0x00000034   Zero   RW          131    .bss                rtx2_config.o
    0xa0004bec   0x00000180   Zero   RW          132    .bss                rtx2_config.o
    0xa0004d6c   0x00000040   Zero   RW          234    .bss                device_manage_rtx.o
    0xa0004dac   0x00001860   Zero   RW          304    .bss                lpc22xxuartbase.o
    0xa000660c   0x00000030   Zero   RW          617    .bss                RTX_ARM_L.LIB(rt_task.o)
    0xa000663c   0x00000030   Zero   RW          905    .bss                RTX_ARM_L.LIB(rt_list.o)
    0xa000666c   0x00000060   Zero   RW         1144    .bss                c_t.l(libspace.o)
    0xa00066cc   0x00000004   PAD
    0xa00066d0   0x00050000   Zero   RW            2    HEAP                lpc2400_rtx.o
    0xa00566d0   0x0000a000   Zero   RW            1    STACK               lpc2400_rtx.o


==============================================================================

Image component sizes


      Code (inc. data)   RO Data    RW Data    ZI Data      Debug   Object Name

       120          0          0          0          0       5546   brake_main.o
      1164        136          0         32        324       3754   command.o
       700          0          0          0          0       2279   components.o
         0          0          0          0          0       5120   debug_print.o
      1760        624          0        100         64       3615   device_manage_rtx.o
         4          0          0          0          0        344   drv2.o
        88          4        832         41          0       1050   gb_table.o
       780        176          0        240          0       2467   ioport.o
       184          8          0          0          0       1298   irq.o
       392         40          0          2          0       2601   lcd050i64.o
       312          8          0          0          0       1806   lcd050i64bio.o
         0          0       2506          0          0        452   lcd_ascii.o
      1928         20          0         16          0       6035   lcd_dis.o
      5652         60        313         40          0       3991   lcdtestmain.o
      1676         44          4        160       6240       8104   lpc22xxuartbase.o
      1024        120          0          0     368640        692   lpc2400_rtx.o
       648          4          0          0          0       2323   mycomponents.o
       176          0          0          8          0       2762   retarget.o
       276         44         23          8      17136       8983   rtx2_config.o
        40         40          0          0          0        156   swi_table.o
       244        100          0          0          0       1116   sys_init.o
       108          8          0         68          0       3787   syscall.o
       516         16          0          8        256       2974   tick.o
       176          4          0          0          0       1702   timer1.o
       184         44        142          0          0       6286   tty_control.o
        48          0          0          0          0        626   utility.o
        40          0          0          0          0       1406   vt100.o
       384          4          0       1344          0       1832   words.o

    ----------------------------------------------------------------------
     18736       1528       3860       2068     392664      83107   Object Totals
       112         24         32          0          0          0   (incl. Generated)
         0          0          8          1          4          0   (incl. Padding)

    ----------------------------------------------------------------------

      Code (inc. data)   RO Data    RW Data    ZI Data      Debug   Library Member Name

       760         80          0          5          0       3835   hal_arm.o
        80          6          0          0          0        561   rt_event.o
       512         38          0          0         48       4361   rt_list.o
       136          4          0          0          0        569   rt_mailbox.o
       112          0          0          0          0       1460   rt_membox.o
       348         18          0          0          0       1801   rt_mutex.o
        56          6          0          0          0        485   rt_semaphore.o
       208         22          0          8          0        718   rt_system.o
       856        146          0          4         48       6642   rt_task.o
       116         24          0          4          0       1351   rt_time.o
        68         10          0          8          0        615   rt_timer.o
        72         10          0          0          0         84   __0sscanf.o
        36          6          0          0          0         84   __2printf.o
        92          0          0          0          0          0   __dczerorl2.o
         8          0          0          0          0         68   __main.o
         2          0          0          0          0         60   __printf.o
       412          4         17          0          0         92   __printf_flags_ss_wp.o
        14          0          0          0          0         60   __printf_wp.o
        60          8          0          0          0          0   __scatter.o
        44          0          0          0          0          0   __scatter_zi.o
        30          0          0          0          0         60   _chval.o
         8          0          0          0          0          0   _printf_a.o
         8          0          0          0          0          0   _printf_c.o
        58          0          0          0          0        112   _printf_char.o
        48          4          0          0          0         96   _printf_char_common.o
        44          6          0          0          0         88   _printf_char_file.o
        48          0          0          0          0         60   _printf_charcount.o
         8          0          0          0          0          0   _printf_d.o
       120         18          0          0          0         88   _printf_dec.o
         8          0          0          0          0          0   _printf_e.o
         8          0          0          0          0          0   _printf_f.o
      1056         14          0          0          0        188   _printf_fp_dec.o
       144         16          0          0          0         88   _printf_fp_infnan.o
         8          0          0          0          0          0   _printf_g.o
       168          4         40          0          0        176   _printf_hex_int_ll_ptr.o
         8          0          0          0          0          0   _printf_i.o
       186          0          0          0          0         96   _printf_intcommon.o
        12          0          0          0          0          0   _printf_l.o
         8          0          0          0          0          0   _printf_lc.o
        12          0          0          0          0          0   _printf_ll.o
         8          0          0          0          0          0   _printf_lld.o
         8          0          0          0          0          0   _printf_lli.o
         8          0          0          0          0          0   _printf_llo.o
         8          0          0          0          0          0   _printf_llu.o
         8          0          0          0          0          0   _printf_llx.o
       124         18          0          0          0         88   _printf_longlong_dec.o
         8          0          0          0          0          0   _printf_ls.o
         8          0          0          0          0          0   _printf_n.o
         8          0          0          0          0          0   _printf_o.o
       128         10          0          0          0        136   _printf_oct_int_ll.o
         8          0          0          0          0          0   _printf_p.o
        86          0          0          0          0        116   _printf_pad.o
         4          0          0          0          0          0   _printf_percent.o
         8          0          0          0          0          0   _printf_percent_end.o
         8          0          0          0          0          0   _printf_s.o
        88          0          0          0          0         84   _printf_str.o
        44          0          0          0          0         76   _printf_truncate.o
         8          0          0          0          0          0   _printf_u.o
        58          0          0          0          0        112   _printf_wchar.o
       194          4          8          0          0        156   _printf_wctomb.o
         8          0          0          0          0          0   _printf_x.o
       968         12          0          0          0        100   _scanf.o
       348          0          0          0          0         96   _scanf_int.o
        68          0          0          0          0         76   _sgetc.o
        76          0          0          0          0        148   _wcrtomb.o
       424          0          0          0          0        148   aeabi_sdiv.o
       216          6        148          0          0         96   bigflt0.o
      2040        128          0          0          0        696   btod.o
        36          6          0          0          0         84   c89printf.o
        12          0          0          0          0         64   exit.o
        20          0          0          0          0         80   getc.o
         6          0          0          0          0        136   heapauxi.o
        42          8          0          0          0        144   init_aeabi.o
        22          0          0          0          0         80   isspace.o
        84          8        272          0          0         92   lc_ctype_c.o
        84          8         28          0          0         92   lc_numeric_c.o
        10          0          0          0          0          0   libinit.o
        44          0          0          0          0          0   libinit2.o
        12          0          0          0          0          0   libshutdown.o
         6          0          0          0          0          0   libshutdown2.o
        12          4          0          0         96         68   libspace.o
       164          0          0          0          0         96   lludiv10.o
        20          0          0          0          0         80   putc.o
        28          4          0          0          0         84   rt_ctype_table.o
        24          0          0          0          0         80   rt_locale_twolibspace.o
       212          0          0          0          0         68   rt_memcpy.o
       100          0          0          0          0         80   rt_memcpy_w.o
         0          0          0          0          0          0   rtentry.o
        44          4          0          0          0          0   rtentry2.o
         8          0          0          0          0          0   rtentry4.o
         8          0          0          0          0          0   rtexit.o
        12          0          0          0          0          0   rtexit2.o
        48          0          0          0          0         68   rtudiv10.o
        52          8          0          0          0         96   scanf_char.o
       160          4          0          0          0         80   strcmp.o
        96          0          0          0          0         80   sys_stackheap_outer.o
        42          0          0          0          0         80   toupper.o
         4          0          0          0          0         68   use_no_semi.o
        12          0          0          0          0         68   istatus.o
         4          0          0          0          0         68   printf1.o
         0          0          0          0          0          0   usenofp.o
        52          0          0          0          0         68   fpclassify.o

    ----------------------------------------------------------------------
     12460        676        516         32        196      28030   Library Totals
        28          0          3          3          4          0   (incl. Padding)

    ----------------------------------------------------------------------

      Code (inc. data)   RO Data    RW Data    ZI Data      Debug   Library Name

      3252        354          0         29         96      22398   RTX_ARM_L.LIB
      9112        322        513          0         96       5428   c_t.l
        16          0          0          0          0        136   fz_ts.l
        52          0          0          0          0         68   m_ts.l

    ----------------------------------------------------------------------
     12460        676        516         32        196      28030   Library Totals

    ----------------------------------------------------------------------

==============================================================================


      Code (inc. data)   RO Data    RW Data    ZI Data      Debug   

     31196       2204       4376       2100     392860     103917   Grand Totals
     31196       2204       4376       1228     392860     103917   ELF Image Totals (compressed)
     31196       2204       4376       1228          0          0   ROM Totals

==============================================================================

    Total RO  Size (Code + RO Data)                35572 (  34.74kB)
    Total RW  Size (RW Data + ZI Data)            394960 ( 385.70kB)
    Total ROM Size (Code + RO Data + RW Data)      36800 (  35.94kB)

==============================================================================

